ðŸŒŸ This was machine generated.  Do not edit. ðŸŒŸ

Frame[0] 
Name: 
Dimensions: 10 Fields by 1 Rows
+----------------------+--------------------------------------+----------------+--------------------------------------+----------------+-----------------+-------------------------------+-------------------------------+------------------------------------------------------------------------------+-----------------------------------------------------------------------------------------------------------------------------------------------------------------------------------------------------------------------------------------------------------------------------------------------------------------------------------------------------------------------------------------------------------------------------------------------------------------------------------------------------------------------------------------------------------------------------------------------------------------------------------------------------------------------------------------------------------------------------------------------------------------------------------------------------------------------------------------------------------------------------------------------------------------------------------------------------------------------------------------------------------------------------------------------------------------------------------------------------------------------------------------------------------------------------------------------------------------------------------------------------------------------------------------------------------------------------------------------------------------------------------------------------------------------------------------------------------------------------------------------------------------------------------------------------------------------------------------------------------------------------------------------------------------------------------------------------------------------------------------------------------------------+
| Name: name           | Name: id                             | Name: arn      | Name: model_id                       | Name: state    | Name: error     | Name: creation_date           | Name: last_update             | Name: hierarchies                                                            | Name: properties                                                                                                                                                                                                                                                                                                                                                                                                                                                                                                                                                                                                                                                                                                                                                                                                                                                                                                                                                                                                                                                                                                                                                                                                                                                                                                                                                                                                                                                                                                                                                                                                                                                                                                                                                      |
| Labels:              | Labels:                              | Labels:        | Labels:                              | Labels:        | Labels:         | Labels:                       | Labels:                       | Labels:                                                                      | Labels:                                                                                                                                                                                                                                                                                                                                                                                                                                                                                                                                                                                                                                                                                                                                                                                                                                                                                                                                                                                                                                                                                                                                                                                                                                                                                                                                                                                                                                                                                                                                                                                                                                                                                                                                                               |
| Type: []string       | Type: []string                       | Type: []string | Type: []string                       | Type: []string | Type: []*string | Type: []time.Time             | Type: []time.Time             | Type: []string                                                               | Type: []string                                                                                                                                                                                                                                                                                                                                                                                                                                                                                                                                                                                                                                                                                                                                                                                                                                                                                                                                                                                                                                                                                                                                                                                                                                                                                                                                                                                                                                                                                                                                                                                                                                                                                                                                                        |
+----------------------+--------------------------------------+----------------+--------------------------------------+----------------+-----------------+-------------------------------+-------------------------------+------------------------------------------------------------------------------+-----------------------------------------------------------------------------------------------------------------------------------------------------------------------------------------------------------------------------------------------------------------------------------------------------------------------------------------------------------------------------------------------------------------------------------------------------------------------------------------------------------------------------------------------------------------------------------------------------------------------------------------------------------------------------------------------------------------------------------------------------------------------------------------------------------------------------------------------------------------------------------------------------------------------------------------------------------------------------------------------------------------------------------------------------------------------------------------------------------------------------------------------------------------------------------------------------------------------------------------------------------------------------------------------------------------------------------------------------------------------------------------------------------------------------------------------------------------------------------------------------------------------------------------------------------------------------------------------------------------------------------------------------------------------------------------------------------------------------------------------------------------------+
| Demo Wind Farm Asset | 6edf67ad-e647-45bd-b609-4974a86729ce |                | cec092ac-b034-4d4b-bbd8-1eca007c5750 | ACTIVE         | null            | 2020-11-24 02:18:29 +0000 UTC | 2020-11-24 02:18:29 +0000 UTC | [{"Id":"883165ce-ea4d-4bac-a223-783e79c5b271","Name":"Turbine Asset Model"}] | [{"Alias":null,"DataType":"STRING","DataTypeSpec":null,"Id":"3016a465-b862-47bc-8e24-0cc7b619347e","Name":"Reliability Manager","Notification":{"State":"DISABLED","Topic":"$aws/sitewise/asset-models/cec092ac-b034-4d4b-bbd8-1eca007c5750/assets/6edf67ad-e647-45bd-b609-4974a86729ce/properties/3016a465-b862-47bc-8e24-0cc7b619347e"},"Unit":null},{"Alias":null,"DataType":"INTEGER","DataTypeSpec":null,"Id":"3a0025fa-5a2a-4837-8023-4421eff2bf20","Name":"Code","Notification":{"State":"DISABLED","Topic":"$aws/sitewise/asset-models/cec092ac-b034-4d4b-bbd8-1eca007c5750/assets/6edf67ad-e647-45bd-b609-4974a86729ce/properties/3a0025fa-5a2a-4837-8023-4421eff2bf20"},"Unit":null},{"Alias":null,"DataType":"STRING","DataTypeSpec":null,"Id":"8ab8b7b2-118b-4bd8-93f6-4125e1a7bd8e","Name":"Location","Notification":{"State":"DISABLED","Topic":"$aws/sitewise/asset-models/cec092ac-b034-4d4b-bbd8-1eca007c5750/assets/6edf67ad-e647-45bd-b609-4974a86729ce/properties/8ab8b7b2-118b-4bd8-93f6-4125e1a7bd8e"},"Unit":null},{"Alias":null,"DataType":"DOUBLE","DataTypeSpec":null,"Id":"cd66c574-350a-4031-9c18-bedb8d84fa90","Name":"Total Average Power","Notification":{"State":"DISABLED","Topic":"$aws/sitewise/asset-models/cec092ac-b034-4d4b-bbd8-1eca007c5750/assets/6edf67ad-e647-45bd-b609-4974a86729ce/properties/cd66c574-350a-4031-9c18-bedb8d84fa90"},"Unit":"Watts"},{"Alias":null,"DataType":"DOUBLE","DataTypeSpec":null,"Id":"23d44fd0-3a3c-45ac-a385-0e29ce4b8652","Name":"Total Overdrive State Time","Notification":{"State":"DISABLED","Topic":"$aws/sitewise/asset-models/cec092ac-b034-4d4b-bbd8-1eca007c5750/assets/6edf67ad-e647-45bd-b609-4974a86729ce/properties/23d44fd0-3a3c-45ac-a385-0e29ce4b8652"},"Unit":"seconds"}] |
+----------------------+--------------------------------------+----------------+--------------------------------------+----------------+-----------------+-------------------------------+-------------------------------+------------------------------------------------------------------------------+-----------------------------------------------------------------------------------------------------------------------------------------------------------------------------------------------------------------------------------------------------------------------------------------------------------------------------------------------------------------------------------------------------------------------------------------------------------------------------------------------------------------------------------------------------------------------------------------------------------------------------------------------------------------------------------------------------------------------------------------------------------------------------------------------------------------------------------------------------------------------------------------------------------------------------------------------------------------------------------------------------------------------------------------------------------------------------------------------------------------------------------------------------------------------------------------------------------------------------------------------------------------------------------------------------------------------------------------------------------------------------------------------------------------------------------------------------------------------------------------------------------------------------------------------------------------------------------------------------------------------------------------------------------------------------------------------------------------------------------------------------------------------+


====== TEST DATA RESPONSE (arrow base64) ======
FRAME=QVJST1cxAAD/////gAQAABAAAAAAAAoADgAMAAsABAAKAAAAFAAAAAAAAAEDAAoADAAAAAgABAAKAAAACAAAAFAAAAACAAAAKAAAAAQAAAAI/P//CAAAAAwAAAAAAAAAAAAAAAUAAAByZWZJZAAAACj8//8IAAAADAAAAAAAAAAAAAAABAAAAG5hbWUAAAAACgAAAJQDAAAsAwAA2AIAAHQCAAAYAgAAvAEAADQBAADMAAAAaAAAAAQAAACm/P//FAAAAEAAAABAAAAAAAAABTwAAAABAAAABAAAAJT8//8IAAAAFAAAAAoAAABwcm9wZXJ0aWVzAAAEAAAAbmFtZQAAAAAAAAAAkPz//woAAABwcm9wZXJ0aWVzAAAG/f//FAAAAEAAAABAAAAAAAAABTwAAAABAAAABAAAAPT8//8IAAAAFAAAAAsAAABoaWVyYXJjaGllcwAEAAAAbmFtZQAAAAAAAAAA8Pz//wsAAABoaWVyYXJjaGllcwBm/f//FAAAAEAAAABAAAAAAAAACkAAAAABAAAABAAAAFT9//8IAAAAFAAAAAsAAABsYXN0X3VwZGF0ZQAEAAAAbmFtZQAAAAAAAAAAlv///wAAAwALAAAAbGFzdF91cGRhdGUAyv3//xQAAABEAAAATAAAAAAAAApMAAAAAQAAAAQAAAC4/f//CAAAABgAAAANAAAAY3JlYXRpb25fZGF0ZQAAAAQAAABuYW1lAAAAAAAAAAAAAAYACAAGAAYAAAAAAAMADQAAAGNyZWF0aW9uX2RhdGUAEgAYABQAEwASAAwAAAAIAAQAEgAAABQAAAA8AAAAPAAAAAAABQE4AAAAAQAAAAQAAAA8/v//CAAAABAAAAAFAAAAZXJyb3IAAAAEAAAAbmFtZQAAAAAAAAAANP7//wUAAABlcnJvcgAAAKb+//8UAAAAPAAAADwAAAAAAAAFOAAAAAEAAAAEAAAAlP7//wgAAAAQAAAABQAAAHN0YXRlAAAABAAAAG5hbWUAAAAAAAAAAIz+//8FAAAAc3RhdGUAAAD+/v//FAAAAEAAAABAAAAAAAAABTwAAAABAAAABAAAAOz+//8IAAAAFAAAAAgAAABtb2RlbF9pZAAAAAAEAAAAbmFtZQAAAAAAAAAA6P7//wgAAABtb2RlbF9pZAAAAABe////FAAAADgAAAA4AAAAAAAABTQAAAABAAAABAAAAEz///8IAAAADAAAAAMAAABhcm4ABAAAAG5hbWUAAAAAAAAAAED///8DAAAAYXJuAK7///8UAAAAOAAAADgAAAAAAAAFNAAAAAEAAAAEAAAAnP///wgAAAAMAAAAAgAAAGlkAAAEAAAAbmFtZQAAAAAAAAAAkP///wIAAABpZAAAAAASABgAFAAAABMADAAAAAgABAASAAAAFAAAAEQAAABIAAAAAAAABUQAAAABAAAADAAAAAgADAAIAAQACAAAAAgAAAAQAAAABAAAAG5hbWUAAAAABAAAAG5hbWUAAAAAAAAAAAQABAAEAAAABAAAAG5hbWUAAAAAAAAAAP////+4AgAAFAAAAAAAAAAMABYAFAATAAwABAAMAAAAwAcAAAAAAAAUAAAAAAAAAwMACgAYAAwACAAEAAoAAAAUAAAA2AEAAAEAAAAAAAAAAAAAABwAAAAAAAAAAAAAAAAAAAAAAAAAAAAAAAAAAAAIAAAAAAAAAAgAAAAAAAAAGAAAAAAAAAAgAAAAAAAAAAAAAAAAAAAAIAAAAAAAAAAIAAAAAAAAACgAAAAAAAAAKAAAAAAAAABQAAAAAAAAAAAAAAAAAAAAUAAAAAAAAAAIAAAAAAAAAFgAAAAAAAAAAAAAAAAAAABYAAAAAAAAAAAAAAAAAAAAWAAAAAAAAAAIAAAAAAAAAGAAAAAAAAAAKAAAAAAAAACIAAAAAAAAAAAAAAAAAAAAiAAAAAAAAAAIAAAAAAAAAJAAAAAAAAAACAAAAAAAAACYAAAAAAAAAAgAAAAAAAAAoAAAAAAAAAAIAAAAAAAAAKgAAAAAAAAAAAAAAAAAAACoAAAAAAAAAAAAAAAAAAAAqAAAAAAAAAAIAAAAAAAAALAAAAAAAAAAAAAAAAAAAACwAAAAAAAAAAgAAAAAAAAAuAAAAAAAAAAAAAAAAAAAALgAAAAAAAAACAAAAAAAAADAAAAAAAAAAFAAAAAAAAAAEAEAAAAAAAAAAAAAAAAAABABAAAAAAAACAAAAAAAAAAYAQAAAAAAAKgGAAAAAAAAAAAAAAoAAAABAAAAAAAAAAAAAAAAAAAAAQAAAAAAAAAAAAAAAAAAAAEAAAAAAAAAAAAAAAAAAAABAAAAAAAAAAAAAAAAAAAAAQAAAAAAAAAAAAAAAAAAAAEAAAAAAAAAAQAAAAAAAAABAAAAAAAAAAAAAAAAAAAAAQAAAAAAAAAAAAAAAAAAAAEAAAAAAAAAAAAAAAAAAAABAAAAAAAAAAAAAAAAAAAAAAAAABQAAABEZW1vIFdpbmQgRmFybSBBc3NldAAAAAAAAAAAJAAAADZlZGY2N2FkLWU2NDctNDViZC1iNjA5LTQ5NzRhODY3MjljZQAAAAAAAAAAAAAAAAAAAAAkAAAAY2VjMDkyYWMtYjAzNC00ZDRiLWJiZDgtMWVjYTAwN2M1NzUwAAAAAAAAAAAGAAAAQUNUSVZFAAAAAAAAAAAAAAAAAAAAAAAAAFLAfR5QShYAUsB9HlBKFgAAAABMAAAAW3siSWQiOiI4ODMxNjVjZS1lYTRkLTRiYWMtYTIyMy03ODNlNzljNWIyNzEiLCJOYW1lIjoiVHVyYmluZSBBc3NldCBNb2RlbCJ9XQAAAAAAAAAApQYAAFt7IkFsaWFzIjpudWxsLCJEYXRhVHlwZSI6IlNUUklORyIsIkRhdGFUeXBlU3BlYyI6bnVsbCwiSWQiOiIzMDE2YTQ2NS1iODYyLTQ3YmMtOGUyNC0wY2M3YjYxOTM0N2UiLCJOYW1lIjoiUmVsaWFiaWxpdHkgTWFuYWdlciIsIk5vdGlmaWNhdGlvbiI6eyJTdGF0ZSI6IkRJU0FCTEVEIiwiVG9waWMiOiIkYXdzL3NpdGV3aXNlL2Fzc2V0LW1vZGVscy9jZWMwOTJhYy1iMDM0LTRkNGItYmJkOC0xZWNhMDA3YzU3NTAvYXNzZXRzLzZlZGY2N2FkLWU2NDctNDViZC1iNjA5LTQ5NzRhODY3MjljZS9wcm9wZXJ0aWVzLzMwMTZhNDY1LWI4NjItNDdiYy04ZTI0LTBjYzdiNjE5MzQ3ZSJ9LCJVbml0IjpudWxsfSx7IkFsaWFzIjpudWxsLCJEYXRhVHlwZSI6IklOVEVHRVIiLCJEYXRhVHlwZVNwZWMiOm51bGwsIklkIjoiM2EwMDI1ZmEtNWEyYS00ODM3LTgwMjMtNDQyMWVmZjJiZjIwIiwiTmFtZSI6IkNvZGUiLCJOb3RpZmljYXRpb24iOnsiU3RhdGUiOiJESVNBQkxFRCIsIlRvcGljIjoiJGF3cy9zaXRld2lzZS9hc3NldC1tb2RlbHMvY2VjMDkyYWMtYjAzNC00ZDRiLWJiZDgtMWVjYTAwN2M1NzUwL2Fzc2V0cy82ZWRmNjdhZC1lNjQ3LTQ1YmQtYjYwOS00OTc0YTg2NzI5Y2UvcHJvcGVydGllcy8zYTAwMjVmYS01YTJhLTQ4MzctODAyMy00NDIxZWZmMmJmMjAifSwiVW5pdCI6bnVsbH0seyJBbGlhcyI6bnVsbCwiRGF0YVR5cGUiOiJTVFJJTkciLCJEYXRhVHlwZVNwZWMiOm51bGwsIklkIjoiOGFiOGI3YjItMTE4Yi00YmQ4LTkzZjYtNDEyNWUxYTdiZDhlIiwiTmFtZSI6IkxvY2F0aW9uIiwiTm90aWZpY2F0aW9uIjp7IlN0YXRlIjoiRElTQUJMRUQiLCJUb3BpYyI6IiRhd3Mvc2l0ZXdpc2UvYXNzZXQtbW9kZWxzL2NlYzA5MmFjLWIwMzQtNGQ0Yi1iYmQ4LTFlY2EwMDdjNTc1MC9hc3NldHMvNmVkZjY3YWQtZTY0Ny00NWJkLWI2MDktNDk3NGE4NjcyOWNlL3Byb3BlcnRpZXMvOGFiOGI3YjItMTE4Yi00YmQ4LTkzZjYtNDEyNWUxYTdiZDhlIn0sIlVuaXQiOm51bGx9LHsiQWxpYXMiOm51bGwsIkRhdGFUeXBlIjoiRE9VQkxFIiwiRGF0YVR5cGVTcGVjIjpudWxsLCJJZCI6ImNkNjZjNTc0LTM1MGEtNDAzMS05YzE4LWJlZGI4ZDg0ZmE5MCIsIk5hbWUiOiJUb3RhbCBBdmVyYWdlIFBvd2VyIiwiTm90aWZpY2F0aW9uIjp7IlN0YXRlIjoiRElTQUJMRUQiLCJUb3BpYyI6IiRhd3Mvc2l0ZXdpc2UvYXNzZXQtbW9kZWxzL2NlYzA5MmFjLWIwMzQtNGQ0Yi1iYmQ4LTFlY2EwMDdjNTc1MC9hc3NldHMvNmVkZjY3YWQtZTY0Ny00NWJkLWI2MDktNDk3NGE4NjcyOWNlL3Byb3BlcnRpZXMvY2Q2NmM1NzQtMzUwYS00MDMxLTljMTgtYmVkYjhkODRmYTkwIn0sIlVuaXQiOiJXYXR0cyJ9LHsiQWxpYXMiOm51bGwsIkRhdGFUeXBlIjoiRE9VQkxFIiwiRGF0YVR5cGVTcGVjIjpudWxsLCJJZCI6IjIzZDQ0ZmQwLTNhM2MtNDVhYy1hMzg1LTBlMjljZTRiODY1MiIsIk5hbWUiOiJUb3RhbCBPdmVyZHJpdmUgU3RhdGUgVGltZSIsIk5vdGlmaWNhdGlvbiI6eyJTdGF0ZSI6IkRJU0FCTEVEIiwiVG9waWMiOiIkYXdzL3NpdGV3aXNlL2Fzc2V0LW1vZGVscy9jZWMwOTJhYy1iMDM0LTRkNGItYmJkOC0xZWNhMDA3YzU3NTAvYXNzZXRzLzZlZGY2N2FkLWU2NDctNDViZC1iNjA5LTQ5NzRhODY3MjljZS9wcm9wZXJ0aWVzLzIzZDQ0ZmQwLTNhM2MtNDVhYy1hMzg1LTBlMjljZTRiODY1MiJ9LCJVbml0Ijoic2Vjb25kcyJ9XQAAABAAAAAMABQAEgAMAAgABAAMAAAAEAAAACwAAAA4AAAAAAADAAEAAACQBAAAAAAAAMACAAAAAAAAwAcAAAAAAAAAAAAAAAAAAAAACgAMAAAACAAEAAoAAAAIAAAAUAAAAAIAAAAoAAAABAAAAAj8//8IAAAADAAAAAAAAAAAAAAABQAAAHJlZklkAAAAKPz//wgAAAAMAAAAAAAAAAAAAAAEAAAAbmFtZQAAAAAKAAAAlAMAACwDAADYAgAAdAIAABgCAAC8AQAANAEAAMwAAABoAAAABAAAAKb8//8UAAAAQAAAAEAAAAAAAAAFPAAAAAEAAAAEAAAAlPz//wgAAAAUAAAACgAAAHByb3BlcnRpZXMAAAQAAABuYW1lAAAAAAAAAACQ/P//CgAAAHByb3BlcnRpZXMAAAb9//8UAAAAQAAAAEAAAAAAAAAFPAAAAAEAAAAEAAAA9Pz//wgAAAAUAAAACwAAAGhpZXJhcmNoaWVzAAQAAABuYW1lAAAAAAAAAADw/P//CwAAAGhpZXJhcmNoaWVzAGb9//8UAAAAQAAAAEAAAAAAAAAKQAAAAAEAAAAEAAAAVP3//wgAAAAUAAAACwAAAGxhc3RfdXBkYXRlAAQAAABuYW1lAAAAAAAAAACW////AAADAAsAAABsYXN0X3VwZGF0ZQDK/f//FAAAAEQAAABMAAAAAAAACkwAAAABAAAABAAAALj9//8IAAAAGAAAAA0AAABjcmVhdGlvbl9kYXRlAAAABAAAAG5hbWUAAAAAAAAAAAAABgAIAAYABgAAAAAAAwANAAAAY3JlYXRpb25fZGF0ZQASABgAFAATABIADAAAAAgABAASAAAAFAAAADwAAAA8AAAAAAAFATgAAAABAAAABAAAADz+//8IAAAAEAAAAAUAAABlcnJvcgAAAAQAAABuYW1lAAAAAAAAAAA0/v//BQAAAGVycm9yAAAApv7//xQAAAA8AAAAPAAAAAAAAAU4AAAAAQAAAAQAAACU/v//CAAAABAAAAAFAAAAc3RhdGUAAAAEAAAAbmFtZQAAAAAAAAAAjP7//wUAAABzdGF0ZQAAAP7+//8UAAAAQAAAAEAAAAAAAAAFPAAAAAEAAAAEAAAA7P7//wgAAAAUAAAACAAAAG1vZGVsX2lkAAAAAAQAAABuYW1lAAAAAAAAAADo/v//CAAAAG1vZGVsX2lkAAAAAF7///8UAAAAOAAAADgAAAAAAAAFNAAAAAEAAAAEAAAATP///wgAAAAMAAAAAwAAAGFybgAEAAAAbmFtZQAAAAAAAAAAQP///wMAAABhcm4Arv///xQAAAA4AAAAOAAAAAAAAAU0AAAAAQAAAAQAAACc////CAAAAAwAAAACAAAAaWQAAAQAAABuYW1lAAAAAAAAAACQ////AgAAAGlkAAAAABIAGAAUAAAAEwAMAAAACAAEABIAAAAUAAAARAAAAEgAAAAAAAAFRAAAAAEAAAAMAAAACAAMAAgABAAIAAAACAAAABAAAAAEAAAAbmFtZQAAAAAEAAAAbmFtZQAAAAAAAAAABAAEAAQAAAAEAAAAbmFtZQAAAACoBAAAQVJST1cx
