ðŸŒŸ This was machine generated.  Do not edit. ðŸŒŸ

Frame[0] 
Name: 
Dimensions: 11 Fields by 1 Rows
+--------------------------+--------------------------------------+---------------------------------------------------------------------------------------------+--------------------------------------------------------------------------------------------------------------------------------------------+----------------+-----------------+-------------------------------+-------------------------------+-------------------+-----------------------------------------------------------------------------------------------------------------------------------------------------------------------------------------------------------------------------------------------------------------------------------------------------------------------------------------------------------------------------------------------------------------------------------------------------------------------------------------------------------------------------------------------------------------------------------------------------------------------------------------------------------------------------------------------------------------------------------------------------------------------------------------------------------------------------------------------------------------------------------------------------------------------------------------------------------------------------------------------------------------------------------------------------------------------------------------------------------------------------------------------------------------------------------------------------------------------------------------------------------------------------------------------------------------------------------------------------------------------------------------------------------------------------------------------------------------------------------------------------------------------------------------------------------------------------------------------------------------------------------------------------------------------------------------------------------------------------------------------------------------------------------------------------------------------------------------------------------------------------------------------------------------------------------------------------------------------------------------------------------------------------------------------------------------------------------------------------------------------------------------------------------------------------------------------------------------------------------------------------------------------------------------------------------------------------------------------------------------------------------------------------------------------------------------------------------------------------------------------------------------------------------------------------------------------------------------------------------------------------------------------------------------------------------------------------------------------------------------------------------------------------------------------------------------------------------------------------------------------------------------------------------------------------------------------------------------------------------------------------------------------------------------------------------------------------------------------------------------------------------------------------------------------------------------------------------------------------------------------------------------------------------------------------------------------------------------------------------------------------------------------------------------------------------------------------------------------------------------------------------------------------------------------------------------------------------------------------------------------------------------------------------------------------------------------------------------------------------------------------------------------------------------------------------------------------------------------------------------------------------------+------------------------+
| Name: name               | Name: id                             | Name: arn                                                                                   | Name: description                                                                                                                          | Name: state    | Name: error     | Name: creation_date           | Name: last_update             | Name: hierarchies | Name: properties                                                                                                                                                                                                                                                                                                                                                                                                                                                                                                                                                                                                                                                                                                                                                                                                                                                                                                                                                                                                                                                                                                                                                                                                                                                                                                                                                                                                                                                                                                                                                                                                                                                                                                                                                                                                                                                                                                                                                                                                                                                                                                                                                                                                                                                                                                                                                                                                                                                                                                                                                                                                                                                                                                                                                                                                                                                                                                                                                                                                                                                                                                                                                                                                                                                                                                                                                                                                                                                                                                                                                                                                                                                                                                                                                                                                                                                                        | Name: composite_models |
| Labels:                  | Labels:                              | Labels:                                                                                     | Labels:                                                                                                                                    | Labels:        | Labels:         | Labels:                       | Labels:                       | Labels:           | Labels:                                                                                                                                                                                                                                                                                                                                                                                                                                                                                                                                                                                                                                                                                                                                                                                                                                                                                                                                                                                                                                                                                                                                                                                                                                                                                                                                                                                                                                                                                                                                                                                                                                                                                                                                                                                                                                                                                                                                                                                                                                                                                                                                                                                                                                                                                                                                                                                                                                                                                                                                                                                                                                                                                                                                                                                                                                                                                                                                                                                                                                                                                                                                                                                                                                                                                                                                                                                                                                                                                                                                                                                                                                                                                                                                                                                                                                                                                 | Labels:                |
| Type: []string           | Type: []string                       | Type: []string                                                                              | Type: []*string                                                                                                                            | Type: []string | Type: []*string | Type: []time.Time             | Type: []time.Time             | Type: []string    | Type: []string                                                                                                                                                                                                                                                                                                                                                                                                                                                                                                                                                                                                                                                                                                                                                                                                                                                                                                                                                                                                                                                                                                                                                                                                                                                                                                                                                                                                                                                                                                                                                                                                                                                                                                                                                                                                                                                                                                                                                                                                                                                                                                                                                                                                                                                                                                                                                                                                                                                                                                                                                                                                                                                                                                                                                                                                                                                                                                                                                                                                                                                                                                                                                                                                                                                                                                                                                                                                                                                                                                                                                                                                                                                                                                                                                                                                                                                                          | Type: []string         |
+--------------------------+--------------------------------------+---------------------------------------------------------------------------------------------+--------------------------------------------------------------------------------------------------------------------------------------------+----------------+-----------------+-------------------------------+-------------------------------+-------------------+-----------------------------------------------------------------------------------------------------------------------------------------------------------------------------------------------------------------------------------------------------------------------------------------------------------------------------------------------------------------------------------------------------------------------------------------------------------------------------------------------------------------------------------------------------------------------------------------------------------------------------------------------------------------------------------------------------------------------------------------------------------------------------------------------------------------------------------------------------------------------------------------------------------------------------------------------------------------------------------------------------------------------------------------------------------------------------------------------------------------------------------------------------------------------------------------------------------------------------------------------------------------------------------------------------------------------------------------------------------------------------------------------------------------------------------------------------------------------------------------------------------------------------------------------------------------------------------------------------------------------------------------------------------------------------------------------------------------------------------------------------------------------------------------------------------------------------------------------------------------------------------------------------------------------------------------------------------------------------------------------------------------------------------------------------------------------------------------------------------------------------------------------------------------------------------------------------------------------------------------------------------------------------------------------------------------------------------------------------------------------------------------------------------------------------------------------------------------------------------------------------------------------------------------------------------------------------------------------------------------------------------------------------------------------------------------------------------------------------------------------------------------------------------------------------------------------------------------------------------------------------------------------------------------------------------------------------------------------------------------------------------------------------------------------------------------------------------------------------------------------------------------------------------------------------------------------------------------------------------------------------------------------------------------------------------------------------------------------------------------------------------------------------------------------------------------------------------------------------------------------------------------------------------------------------------------------------------------------------------------------------------------------------------------------------------------------------------------------------------------------------------------------------------------------------------------------------------------------------------------------------------------+------------------------+
| Demo Turbine Asset Model | 1f95cf92-34ff-4975-91a9-e9f2af35b6a5 | arn:aws:iotsitewise:us-east-1:526544423884:asset-model/1f95cf92-34ff-4975-91a9-e9f2af35b6a5 | This is an asset model used in the IoT SiteWise Demo for representing a turbine in a wind farm. It will be deleted at the end of the demo. | ACTIVE         | null            | 2020-11-24 02:17:49 +0000 UTC | 2020-11-24 02:17:54 +0000 UTC | []                | [{"DataType":"STRING","DataTypeSpec":null,"Id":"3a245608-2efb-4a77-8260-ff3d179e1304","Name":"Make","Type":{"Attribute":{"DefaultValue":"Amazon"},"Measurement":null,"Metric":null,"Transform":null},"Unit":null},{"DataType":"INTEGER","DataTypeSpec":null,"Id":"f7c35bca-2371-49a2-9953-51ef48f080a0","Name":"Model","Type":{"Attribute":{"DefaultValue":"500"},"Measurement":null,"Metric":null,"Transform":null},"Unit":null},{"DataType":"STRING","DataTypeSpec":null,"Id":"9bd6e3c7-ea4a-4938-a46c-77b8ee3e3414","Name":"Location","Type":{"Attribute":{"DefaultValue":"Renton"},"Measurement":null,"Metric":null,"Transform":null},"Unit":null},{"DataType":"DOUBLE","DataTypeSpec":null,"Id":"93efe943-34a7-416d-8e38-c23dd86b5a7d","Name":"Torque (KiloNewton Meter)","Type":{"Attribute":null,"Measurement":{},"Metric":null,"Transform":null},"Unit":"kNm"},{"DataType":"DOUBLE","DataTypeSpec":null,"Id":"14b18bf4-7eaa-4810-9b28-b17ad8d68392","Name":"Wind Direction","Type":{"Attribute":null,"Measurement":{},"Metric":null,"Transform":null},"Unit":"Degrees"},{"DataType":"DOUBLE","DataTypeSpec":null,"Id":"fbe3d24f-8313-4c92-8f3d-60cdba434af2","Name":"RotationsPerMinute","Type":{"Attribute":null,"Measurement":{},"Metric":null,"Transform":null},"Unit":"RPM"},{"DataType":"DOUBLE","DataTypeSpec":null,"Id":"3627f45d-710a-47c8-ae6c-4b71f7c9f5eb","Name":"Wind Speed","Type":{"Attribute":null,"Measurement":{},"Metric":null,"Transform":null},"Unit":"m/s"},{"DataType":"DOUBLE","DataTypeSpec":null,"Id":"6debde03-4c6d-415a-8f5c-799638b5c4f8","Name":"Torque (Newton Meter)","Type":{"Attribute":null,"Measurement":null,"Metric":null,"Transform":{"Expression":"knm * 1000","Variables":[{"Name":"knm","Value":{"HierarchyId":null,"PropertyId":"93efe943-34a7-416d-8e38-c23dd86b5a7d"}}]}},"Unit":"Nm"},{"DataType":"DOUBLE","DataTypeSpec":null,"Id":"ca101711-9848-420c-bef2-52bd2d06c2b2","Name":"RotationsPerSecond","Type":{"Attribute":null,"Measurement":null,"Metric":null,"Transform":{"Expression":"rpm / 60","Variables":[{"Name":"rpm","Value":{"HierarchyId":null,"PropertyId":"fbe3d24f-8313-4c92-8f3d-60cdba434af2"}}]}},"Unit":"RPS"},{"DataType":"DOUBLE","DataTypeSpec":null,"Id":"938d129d-6119-46d9-ab05-a93c69717bb7","Name":"Overdrive State","Type":{"Attribute":null,"Measurement":null,"Metric":null,"Transform":{"Expression":"gte(torque,3)","Variables":[{"Name":"torque","Value":{"HierarchyId":null,"PropertyId":"93efe943-34a7-416d-8e38-c23dd86b5a7d"}}]}},"Unit":null},{"DataType":"DOUBLE","DataTypeSpec":null,"Id":"e6c52ea3-d746-46df-b843-d0459540d584","Name":"Average Wind Speed","Type":{"Attribute":null,"Measurement":null,"Metric":{"Expression":"avg(windspeed)","Variables":[{"Name":"windspeed","Value":{"HierarchyId":null,"PropertyId":"3627f45d-710a-47c8-ae6c-4b71f7c9f5eb"}}],"Window":{"Tumbling":{"Interval":"5m"}}},"Transform":null},"Unit":"m/s"},{"DataType":"DOUBLE","DataTypeSpec":null,"Id":"86294f4c-d5fe-4973-9acd-4fbfd8fb32bc","Name":"Overdrive State Time","Type":{"Attribute":null,"Measurement":null,"Metric":{"Expression":"statetime(overdrive_state)","Variables":[{"Name":"overdrive_state","Value":{"HierarchyId":null,"PropertyId":"938d129d-6119-46d9-ab05-a93c69717bb7"}}],"Window":{"Tumbling":{"Interval":"5m"}}},"Transform":null},"Unit":"Seconds"},{"DataType":"DOUBLE","DataTypeSpec":null,"Id":"a1e3fc31-b7d3-4d96-9612-b1eb080fce6b","Name":"Average Power","Type":{"Attribute":null,"Measurement":null,"Metric":{"Expression":"avg(torque) * avg(rps) * 2 * 3.14","Variables":[{"Name":"rps","Value":{"HierarchyId":null,"PropertyId":"ca101711-9848-420c-bef2-52bd2d06c2b2"}},{"Name":"torque","Value":{"HierarchyId":null,"PropertyId":"6debde03-4c6d-415a-8f5c-799638b5c4f8"}}],"Window":{"Tumbling":{"Interval":"5m"}}},"Transform":null},"Unit":"Watts"}] | []                     |
+--------------------------+--------------------------------------+---------------------------------------------------------------------------------------------+--------------------------------------------------------------------------------------------------------------------------------------------+----------------+-----------------+-------------------------------+-------------------------------+-------------------+-----------------------------------------------------------------------------------------------------------------------------------------------------------------------------------------------------------------------------------------------------------------------------------------------------------------------------------------------------------------------------------------------------------------------------------------------------------------------------------------------------------------------------------------------------------------------------------------------------------------------------------------------------------------------------------------------------------------------------------------------------------------------------------------------------------------------------------------------------------------------------------------------------------------------------------------------------------------------------------------------------------------------------------------------------------------------------------------------------------------------------------------------------------------------------------------------------------------------------------------------------------------------------------------------------------------------------------------------------------------------------------------------------------------------------------------------------------------------------------------------------------------------------------------------------------------------------------------------------------------------------------------------------------------------------------------------------------------------------------------------------------------------------------------------------------------------------------------------------------------------------------------------------------------------------------------------------------------------------------------------------------------------------------------------------------------------------------------------------------------------------------------------------------------------------------------------------------------------------------------------------------------------------------------------------------------------------------------------------------------------------------------------------------------------------------------------------------------------------------------------------------------------------------------------------------------------------------------------------------------------------------------------------------------------------------------------------------------------------------------------------------------------------------------------------------------------------------------------------------------------------------------------------------------------------------------------------------------------------------------------------------------------------------------------------------------------------------------------------------------------------------------------------------------------------------------------------------------------------------------------------------------------------------------------------------------------------------------------------------------------------------------------------------------------------------------------------------------------------------------------------------------------------------------------------------------------------------------------------------------------------------------------------------------------------------------------------------------------------------------------------------------------------------------------------------------------------------------------------------------------------------------+------------------------+


====== TEST DATA RESPONSE (arrow base64) ======
FRAME=QVJST1cxAAD/////8AQAABAAAAAAAAoADgAMAAsABAAKAAAAFAAAAAAAAAEDAAoADAAAAAgABAAKAAAACAAAAFAAAAACAAAAKAAAAAQAAACU+///CAAAAAwAAAAAAAAAAAAAAAUAAAByZWZJZAAAALT7//8IAAAADAAAAAAAAAAAAAAABAAAAG5hbWUAAAAACwAAAAgEAACgAwAATAMAAOgCAAB8AgAAIAIAAKgBAABAAQAA3AAAAHgAAAAEAAAANvz//xQAAABIAAAASAAAAAAAAAVEAAAAAQAAAAQAAAAk/P//CAAAABwAAAAQAAAAY29tcG9zaXRlX21vZGVscwAAAAAEAAAAbmFtZQAAAAAAAAAAKPz//xAAAABjb21wb3NpdGVfbW9kZWxzAAAAAKb8//8UAAAAQAAAAEAAAAAAAAAFPAAAAAEAAAAEAAAAlPz//wgAAAAUAAAACgAAAHByb3BlcnRpZXMAAAQAAABuYW1lAAAAAAAAAACQ/P//CgAAAHByb3BlcnRpZXMAAAb9//8UAAAAQAAAAEAAAAAAAAAFPAAAAAEAAAAEAAAA9Pz//wgAAAAUAAAACwAAAGhpZXJhcmNoaWVzAAQAAABuYW1lAAAAAAAAAADw/P//CwAAAGhpZXJhcmNoaWVzAGb9//8UAAAAQAAAAEAAAAAAAAAKQAAAAAEAAAAEAAAAVP3//wgAAAAUAAAACwAAAGxhc3RfdXBkYXRlAAQAAABuYW1lAAAAAAAAAACW////AAADAAsAAABsYXN0X3VwZGF0ZQDK/f//FAAAAEQAAABMAAAAAAAACkwAAAABAAAABAAAALj9//8IAAAAGAAAAA0AAABjcmVhdGlvbl9kYXRlAAAABAAAAG5hbWUAAAAAAAAAAAAABgAIAAYABgAAAAAAAwANAAAAY3JlYXRpb25fZGF0ZQAAAFL///8UAAAAPAAAADwAAAAAAAUBOAAAAAEAAAAEAAAALP7//wgAAAAQAAAABQAAAGVycm9yAAAABAAAAG5hbWUAAAAAAAAAACT+//8FAAAAZXJyb3IAAACW/v//FAAAADwAAAA8AAAAAAAABTgAAAABAAAABAAAAIT+//8IAAAAEAAAAAUAAABzdGF0ZQAAAAQAAABuYW1lAAAAAAAAAAB8/v//BQAAAHN0YXRlABIAGAAUABMAEgAMAAAACAAEABIAAAAUAAAAQAAAAEAAAAAAAAUBPAAAAAEAAAAEAAAA7P7//wgAAAAUAAAACwAAAGRlc2NyaXB0aW9uAAQAAABuYW1lAAAAAAAAAADo/v//CwAAAGRlc2NyaXB0aW9uAF7///8UAAAAOAAAADgAAAAAAAAFNAAAAAEAAAAEAAAATP///wgAAAAMAAAAAwAAAGFybgAEAAAAbmFtZQAAAAAAAAAAQP///wMAAABhcm4Arv///xQAAAA4AAAAOAAAAAAAAAU0AAAAAQAAAAQAAACc////CAAAAAwAAAACAAAAaWQAAAQAAABuYW1lAAAAAAAAAACQ////AgAAAGlkAAAAABIAGAAUAAAAEwAMAAAACAAEABIAAAAUAAAARAAAAEgAAAAAAAAFRAAAAAEAAAAMAAAACAAMAAgABAAIAAAACAAAABAAAAAEAAAAbmFtZQAAAAAEAAAAbmFtZQAAAAAAAAAABAAEAAQAAAAEAAAAbmFtZQAAAAD/////+AIAABQAAAAAAAAADAAWABQAEwAMAAQADAAAAEAQAAAAAAAAFAAAAAAAAAMDAAoAGAAMAAgABAAKAAAAFAAAAAgCAAABAAAAAAAAAAAAAAAfAAAAAAAAAAAAAAAAAAAAAAAAAAAAAAAAAAAACAAAAAAAAAAIAAAAAAAAABgAAAAAAAAAIAAAAAAAAAAAAAAAAAAAACAAAAAAAAAACAAAAAAAAAAoAAAAAAAAACgAAAAAAAAAUAAAAAAAAAAAAAAAAAAAAFAAAAAAAAAACAAAAAAAAABYAAAAAAAAAGAAAAAAAAAAuAAAAAAAAAAAAAAAAAAAALgAAAAAAAAACAAAAAAAAADAAAAAAAAAAJAAAAAAAAAAUAEAAAAAAAAAAAAAAAAAAFABAAAAAAAACAAAAAAAAABYAQAAAAAAAAgAAAAAAAAAYAEAAAAAAAAIAAAAAAAAAGgBAAAAAAAACAAAAAAAAABwAQAAAAAAAAAAAAAAAAAAcAEAAAAAAAAAAAAAAAAAAHABAAAAAAAACAAAAAAAAAB4AQAAAAAAAAAAAAAAAAAAeAEAAAAAAAAIAAAAAAAAAIABAAAAAAAAAAAAAAAAAACAAQAAAAAAAAgAAAAAAAAAiAEAAAAAAAAIAAAAAAAAAJABAAAAAAAAAAAAAAAAAACQAQAAAAAAAAgAAAAAAAAAmAEAAAAAAACYDgAAAAAAADAQAAAAAAAAAAAAAAAAAAAwEAAAAAAAAAgAAAAAAAAAOBAAAAAAAAAIAAAAAAAAAAAAAAALAAAAAQAAAAAAAAAAAAAAAAAAAAEAAAAAAAAAAAAAAAAAAAABAAAAAAAAAAAAAAAAAAAAAQAAAAAAAAAAAAAAAAAAAAEAAAAAAAAAAAAAAAAAAAABAAAAAAAAAAEAAAAAAAAAAQAAAAAAAAAAAAAAAAAAAAEAAAAAAAAAAAAAAAAAAAABAAAAAAAAAAAAAAAAAAAAAQAAAAAAAAAAAAAAAAAAAAEAAAAAAAAAAAAAAAAAAAAAAAAAGAAAAERlbW8gVHVyYmluZSBBc3NldCBNb2RlbAAAAAAkAAAAMWY5NWNmOTItMzRmZi00OTc1LTkxYTktZTlmMmFmMzViNmE1AAAAAAAAAABbAAAAYXJuOmF3czppb3RzaXRld2lzZTp1cy1lYXN0LTE6NTI2NTQ0NDIzODg0OmFzc2V0LW1vZGVsLzFmOTVjZjkyLTM0ZmYtNDk3NS05MWE5LWU5ZjJhZjM1YjZhNQAAAAAAAAAAAIoAAABUaGlzIGlzIGFuIGFzc2V0IG1vZGVsIHVzZWQgaW4gdGhlIElvVCBTaXRlV2lzZSBEZW1vIGZvciByZXByZXNlbnRpbmcgYSB0dXJiaW5lIGluIGEgd2luZCBmYXJtLiBJdCB3aWxsIGJlIGRlbGV0ZWQgYXQgdGhlIGVuZCBvZiB0aGUgZGVtby4AAAAAAAAAAAAABgAAAEFDVElWRQAAAAAAAAAAAAAAAAAAAAAAAADCkC0VUEoWALSWVxZQShYAAAAAAgAAAFtdAAAAAAAAAAAAAJcOAABbeyJEYXRhVHlwZSI6IlNUUklORyIsIkRhdGFUeXBlU3BlYyI6bnVsbCwiSWQiOiIzYTI0NTYwOC0yZWZiLTRhNzctODI2MC1mZjNkMTc5ZTEzMDQiLCJOYW1lIjoiTWFrZSIsIlR5cGUiOnsiQXR0cmlidXRlIjp7IkRlZmF1bHRWYWx1ZSI6IkFtYXpvbiJ9LCJNZWFzdXJlbWVudCI6bnVsbCwiTWV0cmljIjpudWxsLCJUcmFuc2Zvcm0iOm51bGx9LCJVbml0IjpudWxsfSx7IkRhdGFUeXBlIjoiSU5URUdFUiIsIkRhdGFUeXBlU3BlYyI6bnVsbCwiSWQiOiJmN2MzNWJjYS0yMzcxLTQ5YTItOTk1My01MWVmNDhmMDgwYTAiLCJOYW1lIjoiTW9kZWwiLCJUeXBlIjp7IkF0dHJpYnV0ZSI6eyJEZWZhdWx0VmFsdWUiOiI1MDAifSwiTWVhc3VyZW1lbnQiOm51bGwsIk1ldHJpYyI6bnVsbCwiVHJhbnNmb3JtIjpudWxsfSwiVW5pdCI6bnVsbH0seyJEYXRhVHlwZSI6IlNUUklORyIsIkRhdGFUeXBlU3BlYyI6bnVsbCwiSWQiOiI5YmQ2ZTNjNy1lYTRhLTQ5MzgtYTQ2Yy03N2I4ZWUzZTM0MTQiLCJOYW1lIjoiTG9jYXRpb24iLCJUeXBlIjp7IkF0dHJpYnV0ZSI6eyJEZWZhdWx0VmFsdWUiOiJSZW50b24ifSwiTWVhc3VyZW1lbnQiOm51bGwsIk1ldHJpYyI6bnVsbCwiVHJhbnNmb3JtIjpudWxsfSwiVW5pdCI6bnVsbH0seyJEYXRhVHlwZSI6IkRPVUJMRSIsIkRhdGFUeXBlU3BlYyI6bnVsbCwiSWQiOiI5M2VmZTk0My0zNGE3LTQxNmQtOGUzOC1jMjNkZDg2YjVhN2QiLCJOYW1lIjoiVG9ycXVlIChLaWxvTmV3dG9uIE1ldGVyKSIsIlR5cGUiOnsiQXR0cmlidXRlIjpudWxsLCJNZWFzdXJlbWVudCI6e30sIk1ldHJpYyI6bnVsbCwiVHJhbnNmb3JtIjpudWxsfSwiVW5pdCI6ImtObSJ9LHsiRGF0YVR5cGUiOiJET1VCTEUiLCJEYXRhVHlwZVNwZWMiOm51bGwsIklkIjoiMTRiMThiZjQtN2VhYS00ODEwLTliMjgtYjE3YWQ4ZDY4MzkyIiwiTmFtZSI6IldpbmQgRGlyZWN0aW9uIiwiVHlwZSI6eyJBdHRyaWJ1dGUiOm51bGwsIk1lYXN1cmVtZW50Ijp7fSwiTWV0cmljIjpudWxsLCJUcmFuc2Zvcm0iOm51bGx9LCJVbml0IjoiRGVncmVlcyJ9LHsiRGF0YVR5cGUiOiJET1VCTEUiLCJEYXRhVHlwZVNwZWMiOm51bGwsIklkIjoiZmJlM2QyNGYtODMxMy00YzkyLThmM2QtNjBjZGJhNDM0YWYyIiwiTmFtZSI6IlJvdGF0aW9uc1Blck1pbnV0ZSIsIlR5cGUiOnsiQXR0cmlidXRlIjpudWxsLCJNZWFzdXJlbWVudCI6e30sIk1ldHJpYyI6bnVsbCwiVHJhbnNmb3JtIjpudWxsfSwiVW5pdCI6IlJQTSJ9LHsiRGF0YVR5cGUiOiJET1VCTEUiLCJEYXRhVHlwZVNwZWMiOm51bGwsIklkIjoiMzYyN2Y0NWQtNzEwYS00N2M4LWFlNmMtNGI3MWY3YzlmNWViIiwiTmFtZSI6IldpbmQgU3BlZWQiLCJUeXBlIjp7IkF0dHJpYnV0ZSI6bnVsbCwiTWVhc3VyZW1lbnQiOnt9LCJNZXRyaWMiOm51bGwsIlRyYW5zZm9ybSI6bnVsbH0sIlVuaXQiOiJtL3MifSx7IkRhdGFUeXBlIjoiRE9VQkxFIiwiRGF0YVR5cGVTcGVjIjpudWxsLCJJZCI6IjZkZWJkZTAzLTRjNmQtNDE1YS04ZjVjLTc5OTYzOGI1YzRmOCIsIk5hbWUiOiJUb3JxdWUgKE5ld3RvbiBNZXRlcikiLCJUeXBlIjp7IkF0dHJpYnV0ZSI6bnVsbCwiTWVhc3VyZW1lbnQiOm51bGwsIk1ldHJpYyI6bnVsbCwiVHJhbnNmb3JtIjp7IkV4cHJlc3Npb24iOiJrbm0gKiAxMDAwIiwiVmFyaWFibGVzIjpbeyJOYW1lIjoia25tIiwiVmFsdWUiOnsiSGllcmFyY2h5SWQiOm51bGwsIlByb3BlcnR5SWQiOiI5M2VmZTk0My0zNGE3LTQxNmQtOGUzOC1jMjNkZDg2YjVhN2QifX1dfX0sIlVuaXQiOiJObSJ9LHsiRGF0YVR5cGUiOiJET1VCTEUiLCJEYXRhVHlwZVNwZWMiOm51bGwsIklkIjoiY2ExMDE3MTEtOTg0OC00MjBjLWJlZjItNTJiZDJkMDZjMmIyIiwiTmFtZSI6IlJvdGF0aW9uc1BlclNlY29uZCIsIlR5cGUiOnsiQXR0cmlidXRlIjpudWxsLCJNZWFzdXJlbWVudCI6bnVsbCwiTWV0cmljIjpudWxsLCJUcmFuc2Zvcm0iOnsiRXhwcmVzc2lvbiI6InJwbSAvIDYwIiwiVmFyaWFibGVzIjpbeyJOYW1lIjoicnBtIiwiVmFsdWUiOnsiSGllcmFyY2h5SWQiOm51bGwsIlByb3BlcnR5SWQiOiJmYmUzZDI0Zi04MzEzLTRjOTItOGYzZC02MGNkYmE0MzRhZjIifX1dfX0sIlVuaXQiOiJSUFMifSx7IkRhdGFUeXBlIjoiRE9VQkxFIiwiRGF0YVR5cGVTcGVjIjpudWxsLCJJZCI6IjkzOGQxMjlkLTYxMTktNDZkOS1hYjA1LWE5M2M2OTcxN2JiNyIsIk5hbWUiOiJPdmVyZHJpdmUgU3RhdGUiLCJUeXBlIjp7IkF0dHJpYnV0ZSI6bnVsbCwiTWVhc3VyZW1lbnQiOm51bGwsIk1ldHJpYyI6bnVsbCwiVHJhbnNmb3JtIjp7IkV4cHJlc3Npb24iOiJndGUodG9ycXVlLDMpIiwiVmFyaWFibGVzIjpbeyJOYW1lIjoidG9ycXVlIiwiVmFsdWUiOnsiSGllcmFyY2h5SWQiOm51bGwsIlByb3BlcnR5SWQiOiI5M2VmZTk0My0zNGE3LTQxNmQtOGUzOC1jMjNkZDg2YjVhN2QifX1dfX0sIlVuaXQiOm51bGx9LHsiRGF0YVR5cGUiOiJET1VCTEUiLCJEYXRhVHlwZVNwZWMiOm51bGwsIklkIjoiZTZjNTJlYTMtZDc0Ni00NmRmLWI4NDMtZDA0NTk1NDBkNTg0IiwiTmFtZSI6IkF2ZXJhZ2UgV2luZCBTcGVlZCIsIlR5cGUiOnsiQXR0cmlidXRlIjpudWxsLCJNZWFzdXJlbWVudCI6bnVsbCwiTWV0cmljIjp7IkV4cHJlc3Npb24iOiJhdmcod2luZHNwZWVkKSIsIlZhcmlhYmxlcyI6W3siTmFtZSI6IndpbmRzcGVlZCIsIlZhbHVlIjp7IkhpZXJhcmNoeUlkIjpudWxsLCJQcm9wZXJ0eUlkIjoiMzYyN2Y0NWQtNzEwYS00N2M4LWFlNmMtNGI3MWY3YzlmNWViIn19XSwiV2luZG93Ijp7IlR1bWJsaW5nIjp7IkludGVydmFsIjoiNW0ifX19LCJUcmFuc2Zvcm0iOm51bGx9LCJVbml0IjoibS9zIn0seyJEYXRhVHlwZSI6IkRPVUJMRSIsIkRhdGFUeXBlU3BlYyI6bnVsbCwiSWQiOiI4NjI5NGY0Yy1kNWZlLTQ5NzMtOWFjZC00ZmJmZDhmYjMyYmMiLCJOYW1lIjoiT3ZlcmRyaXZlIFN0YXRlIFRpbWUiLCJUeXBlIjp7IkF0dHJpYnV0ZSI6bnVsbCwiTWVhc3VyZW1lbnQiOm51bGwsIk1ldHJpYyI6eyJFeHByZXNzaW9uIjoic3RhdGV0aW1lKG92ZXJkcml2ZV9zdGF0ZSkiLCJWYXJpYWJsZXMiOlt7Ik5hbWUiOiJvdmVyZHJpdmVfc3RhdGUiLCJWYWx1ZSI6eyJIaWVyYXJjaHlJZCI6bnVsbCwiUHJvcGVydHlJZCI6IjkzOGQxMjlkLTYxMTktNDZkOS1hYjA1LWE5M2M2OTcxN2JiNyJ9fV0sIldpbmRvdyI6eyJUdW1ibGluZyI6eyJJbnRlcnZhbCI6IjVtIn19fSwiVHJhbnNmb3JtIjpudWxsfSwiVW5pdCI6IlNlY29uZHMifSx7IkRhdGFUeXBlIjoiRE9VQkxFIiwiRGF0YVR5cGVTcGVjIjpudWxsLCJJZCI6ImExZTNmYzMxLWI3ZDMtNGQ5Ni05NjEyLWIxZWIwODBmY2U2YiIsIk5hbWUiOiJBdmVyYWdlIFBvd2VyIiwiVHlwZSI6eyJBdHRyaWJ1dGUiOm51bGwsIk1lYXN1cmVtZW50IjpudWxsLCJNZXRyaWMiOnsiRXhwcmVzc2lvbiI6ImF2Zyh0b3JxdWUpICogYXZnKHJwcykgKiAyICogMy4xNCIsIlZhcmlhYmxlcyI6W3siTmFtZSI6InJwcyIsIlZhbHVlIjp7IkhpZXJhcmNoeUlkIjpudWxsLCJQcm9wZXJ0eUlkIjoiY2ExMDE3MTEtOTg0OC00MjBjLWJlZjItNTJiZDJkMDZjMmIyIn19LHsiTmFtZSI6InRvcnF1ZSIsIlZhbHVlIjp7IkhpZXJhcmNoeUlkIjpudWxsLCJQcm9wZXJ0eUlkIjoiNmRlYmRlMDMtNGM2ZC00MTVhLThmNWMtNzk5NjM4YjVjNGY4In19XSwiV2luZG93Ijp7IlR1bWJsaW5nIjp7IkludGVydmFsIjoiNW0ifX19LCJUcmFuc2Zvcm0iOm51bGx9LCJVbml0IjoiV2F0dHMifV0AAAAAAAIAAABbXQAAAAAAABAAAAAMABQAEgAMAAgABAAMAAAAEAAAACwAAAA8AAAAAAADAAEAAAAABQAAAAAAAAADAAAAAAAAQBAAAAAAAAAAAAAAAAAAAAAAAAAAAAoADAAAAAgABAAKAAAACAAAAFAAAAACAAAAKAAAAAQAAACU+///CAAAAAwAAAAAAAAAAAAAAAUAAAByZWZJZAAAALT7//8IAAAADAAAAAAAAAAAAAAABAAAAG5hbWUAAAAACwAAAAgEAACgAwAATAMAAOgCAAB8AgAAIAIAAKgBAABAAQAA3AAAAHgAAAAEAAAANvz//xQAAABIAAAASAAAAAAAAAVEAAAAAQAAAAQAAAAk/P//CAAAABwAAAAQAAAAY29tcG9zaXRlX21vZGVscwAAAAAEAAAAbmFtZQAAAAAAAAAAKPz//xAAAABjb21wb3NpdGVfbW9kZWxzAAAAAKb8//8UAAAAQAAAAEAAAAAAAAAFPAAAAAEAAAAEAAAAlPz//wgAAAAUAAAACgAAAHByb3BlcnRpZXMAAAQAAABuYW1lAAAAAAAAAACQ/P//CgAAAHByb3BlcnRpZXMAAAb9//8UAAAAQAAAAEAAAAAAAAAFPAAAAAEAAAAEAAAA9Pz//wgAAAAUAAAACwAAAGhpZXJhcmNoaWVzAAQAAABuYW1lAAAAAAAAAADw/P//CwAAAGhpZXJhcmNoaWVzAGb9//8UAAAAQAAAAEAAAAAAAAAKQAAAAAEAAAAEAAAAVP3//wgAAAAUAAAACwAAAGxhc3RfdXBkYXRlAAQAAABuYW1lAAAAAAAAAACW////AAADAAsAAABsYXN0X3VwZGF0ZQDK/f//FAAAAEQAAABMAAAAAAAACkwAAAABAAAABAAAALj9//8IAAAAGAAAAA0AAABjcmVhdGlvbl9kYXRlAAAABAAAAG5hbWUAAAAAAAAAAAAABgAIAAYABgAAAAAAAwANAAAAY3JlYXRpb25fZGF0ZQAAAFL///8UAAAAPAAAADwAAAAAAAUBOAAAAAEAAAAEAAAALP7//wgAAAAQAAAABQAAAGVycm9yAAAABAAAAG5hbWUAAAAAAAAAACT+//8FAAAAZXJyb3IAAACW/v//FAAAADwAAAA8AAAAAAAABTgAAAABAAAABAAAAIT+//8IAAAAEAAAAAUAAABzdGF0ZQAAAAQAAABuYW1lAAAAAAAAAAB8/v//BQAAAHN0YXRlABIAGAAUABMAEgAMAAAACAAEABIAAAAUAAAAQAAAAEAAAAAAAAUBPAAAAAEAAAAEAAAA7P7//wgAAAAUAAAACwAAAGRlc2NyaXB0aW9uAAQAAABuYW1lAAAAAAAAAADo/v//CwAAAGRlc2NyaXB0aW9uAF7///8UAAAAOAAAADgAAAAAAAAFNAAAAAEAAAAEAAAATP///wgAAAAMAAAAAwAAAGFybgAEAAAAbmFtZQAAAAAAAAAAQP///wMAAABhcm4Arv///xQAAAA4AAAAOAAAAAAAAAU0AAAAAQAAAAQAAACc////CAAAAAwAAAACAAAAaWQAAAQAAABuYW1lAAAAAAAAAACQ////AgAAAGlkAAAAABIAGAAUAAAAEwAMAAAACAAEABIAAAAUAAAARAAAAEgAAAAAAAAFRAAAAAEAAAAMAAAACAAMAAgABAAIAAAACAAAABAAAAAEAAAAbmFtZQAAAAAEAAAAbmFtZQAAAAAAAAAABAAEAAQAAAAEAAAAbmFtZQAAAAAgBQAAQVJST1cx
