ðŸŒŸ This was machine generated.  Do not edit. ðŸŒŸ

Frame[0] {}
Name: 
Dimensions: 9 Fields by 4 Rows
+----------------------+--------------------------------------+--------------------------------------+---------------------------------------------------------------------------------------+-------------------------------+-------------------------------+----------------+-----------------+-------------------+
| Name: name           | Name: id                             | Name: model_id                       | Name: arn                                                                             | Name: creation_date           | Name: last_update             | Name: state    | Name: error     | Name: hierarchies |
| Labels:              | Labels:                              | Labels:                              | Labels:                                                                               | Labels:                       | Labels:                       | Labels:        | Labels:         | Labels:           |
| Type: []string       | Type: []string                       | Type: []string                       | Type: []string                                                                        | Type: []time.Time             | Type: []time.Time             | Type: []string | Type: []*string | Type: []string    |
+----------------------+--------------------------------------+--------------------------------------+---------------------------------------------------------------------------------------+-------------------------------+-------------------------------+----------------+-----------------+-------------------+
| Demo Turbine Asset 4 | 0d17e113-526b-4535-83e9-07694eaecbce | 1f95cf92-34ff-4975-91a9-e9f2af35b6a5 | arn:aws:iotsitewise:us-east-1:526544423884:asset/0d17e113-526b-4535-83e9-07694eaecbce | 2020-11-24 02:18:14 +0000 UTC | 2020-11-24 02:18:14 +0000 UTC | ACTIVE         | null            | []                |
| Demo Turbine Asset 2 | 917e7b5d-11cc-48c3-ad4f-7b65fb925ad2 | 1f95cf92-34ff-4975-91a9-e9f2af35b6a5 | arn:aws:iotsitewise:us-east-1:526544423884:asset/917e7b5d-11cc-48c3-ad4f-7b65fb925ad2 | 2020-11-24 02:18:14 +0000 UTC | 2020-11-24 02:18:14 +0000 UTC | ACTIVE         | null            | []                |
| Demo Turbine Asset 3 | a50e237b-ce6b-4ec4-ac9a-f4dcf920dde6 | 1f95cf92-34ff-4975-91a9-e9f2af35b6a5 | arn:aws:iotsitewise:us-east-1:526544423884:asset/a50e237b-ce6b-4ec4-ac9a-f4dcf920dde6 | 2020-11-24 02:18:14 +0000 UTC | 2020-11-24 02:18:14 +0000 UTC | ACTIVE         | null            | []                |
| Demo Turbine Asset 1 | e64c9075-9d89-47cb-8ee5-d3251bd253f4 | 1f95cf92-34ff-4975-91a9-e9f2af35b6a5 | arn:aws:iotsitewise:us-east-1:526544423884:asset/e64c9075-9d89-47cb-8ee5-d3251bd253f4 | 2020-11-24 02:18:13 +0000 UTC | 2020-11-24 02:18:13 +0000 UTC | ACTIVE         | null            | []                |
+----------------------+--------------------------------------+--------------------------------------+---------------------------------------------------------------------------------------+-------------------------------+-------------------------------+----------------+-----------------+-------------------+


====== TEST DATA RESPONSE (arrow base64) ======
FRAME=QVJST1cxAAD/////QAQAABAAAAAAAAoADgAMAAsABAAKAAAAFAAAAAAAAAEDAAoADAAAAAgABAAKAAAACAAAAHQAAAADAAAATAAAACgAAAAEAAAASPz//wgAAAAMAAAAAAAAAAAAAAAFAAAAcmVmSWQAAABo/P//CAAAAAwAAAAAAAAAAAAAAAQAAABuYW1lAAAAAIj8//8IAAAADAAAAAIAAAB7fQAABAAAAG1ldGEAAAAACQAAADQDAADMAgAAaAIAABQCAACcAQAANAEAANgAAAB8AAAABAAAAAL9//8UAAAAQAAAAEAAAAAAAAAFPAAAAAEAAAAEAAAA8Pz//wgAAAAUAAAACwAAAGhpZXJhcmNoaWVzAAQAAABuYW1lAAAAAAAAAADs/P//CwAAAGhpZXJhcmNoaWVzAAAAEgAYABQAEwASAAwAAAAIAAQAEgAAABQAAAA8AAAAPAAAAAAABQE4AAAAAQAAAAQAAABk/f//CAAAABAAAAAFAAAAZXJyb3IAAAAEAAAAbmFtZQAAAAAAAAAAXP3//wUAAABlcnJvcgAAAM79//8UAAAAPAAAADwAAAAAAAAFOAAAAAEAAAAEAAAAvP3//wgAAAAQAAAABQAAAHN0YXRlAAAABAAAAG5hbWUAAAAAAAAAALT9//8FAAAAc3RhdGUAAAAm/v//FAAAAEAAAABAAAAAAAAACkAAAAABAAAABAAAABT+//8IAAAAFAAAAAsAAABsYXN0X3VwZGF0ZQAEAAAAbmFtZQAAAAAAAAAAlv///wAAAwALAAAAbGFzdF91cGRhdGUAiv7//xQAAABEAAAATAAAAAAAAApMAAAAAQAAAAQAAAB4/v//CAAAABgAAAANAAAAY3JlYXRpb25fZGF0ZQAAAAQAAABuYW1lAAAAAAAAAAAAAAYACAAGAAYAAAAAAAMADQAAAGNyZWF0aW9uX2RhdGUAAAD+/v//FAAAADgAAAA4AAAAAAAABTQAAAABAAAABAAAAOz+//8IAAAADAAAAAMAAABhcm4ABAAAAG5hbWUAAAAAAAAAAOD+//8DAAAAYXJuAE7///8UAAAAQAAAAEAAAAAAAAAFPAAAAAEAAAAEAAAAPP///wgAAAAUAAAACAAAAG1vZGVsX2lkAAAAAAQAAABuYW1lAAAAAAAAAAA4////CAAAAG1vZGVsX2lkAAAAAK7///8UAAAAOAAAADgAAAAAAAAFNAAAAAEAAAAEAAAAnP///wgAAAAMAAAAAgAAAGlkAAAEAAAAbmFtZQAAAAAAAAAAkP///wIAAABpZAAAAAASABgAFAAAABMADAAAAAgABAASAAAAFAAAAEQAAABIAAAAAAAABUQAAAABAAAADAAAAAgADAAIAAQACAAAAAgAAAAQAAAABAAAAG5hbWUAAAAABAAAAG5hbWUAAAAAAAAAAAQABAAEAAAABAAAAG5hbWUAAAAA/////3gCAAAUAAAAAAAAAAwAFgAUABMADAAEAAwAAADYAwAAAAAAABQAAAAAAAADAwAKABgADAAIAAQACgAAABQAAACoAQAABAAAAAAAAAAAAAAAGQAAAAAAAAAAAAAAAAAAAAAAAAAAAAAAAAAAABgAAAAAAAAAGAAAAAAAAABQAAAAAAAAAGgAAAAAAAAAAAAAAAAAAABoAAAAAAAAABgAAAAAAAAAgAAAAAAAAACQAAAAAAAAABABAAAAAAAAAAAAAAAAAAAQAQAAAAAAABgAAAAAAAAAKAEAAAAAAACQAAAAAAAAALgBAAAAAAAAAAAAAAAAAAC4AQAAAAAAABgAAAAAAAAA0AEAAAAAAABYAQAAAAAAACgDAAAAAAAAAAAAAAAAAAAoAwAAAAAAACAAAAAAAAAASAMAAAAAAAAAAAAAAAAAAEgDAAAAAAAAIAAAAAAAAABoAwAAAAAAAAAAAAAAAAAAaAMAAAAAAAAYAAAAAAAAAIADAAAAAAAAGAAAAAAAAACYAwAAAAAAAAgAAAAAAAAAoAMAAAAAAAAYAAAAAAAAALgDAAAAAAAAAAAAAAAAAAC4AwAAAAAAAAAAAAAAAAAAuAMAAAAAAAAYAAAAAAAAANADAAAAAAAACAAAAAAAAAAAAAAACQAAAAQAAAAAAAAAAAAAAAAAAAAEAAAAAAAAAAAAAAAAAAAABAAAAAAAAAAAAAAAAAAAAAQAAAAAAAAAAAAAAAAAAAAEAAAAAAAAAAAAAAAAAAAABAAAAAAAAAAAAAAAAAAAAAQAAAAAAAAAAAAAAAAAAAAEAAAAAAAAAAQAAAAAAAAABAAAAAAAAAAAAAAAAAAAAAAAAAAUAAAAKAAAADwAAABQAAAAAAAAAERlbW8gVHVyYmluZSBBc3NldCA0RGVtbyBUdXJiaW5lIEFzc2V0IDJEZW1vIFR1cmJpbmUgQXNzZXQgM0RlbW8gVHVyYmluZSBBc3NldCAxAAAAACQAAABIAAAAbAAAAJAAAAAAAAAAMGQxN2UxMTMtNTI2Yi00NTM1LTgzZTktMDc2OTRlYWVjYmNlOTE3ZTdiNWQtMTFjYy00OGMzLWFkNGYtN2I2NWZiOTI1YWQyYTUwZTIzN2ItY2U2Yi00ZWM0LWFjOWEtZjRkY2Y5MjBkZGU2ZTY0YzkwNzUtOWQ4OS00N2NiLThlZTUtZDMyNTFiZDI1M2Y0AAAAACQAAABIAAAAbAAAAJAAAAAAAAAAMWY5NWNmOTItMzRmZi00OTc1LTkxYTktZTlmMmFmMzViNmE1MWY5NWNmOTItMzRmZi00OTc1LTkxYTktZTlmMmFmMzViNmE1MWY5NWNmOTItMzRmZi00OTc1LTkxYTktZTlmMmFmMzViNmE1MWY5NWNmOTItMzRmZi00OTc1LTkxYTktZTlmMmFmMzViNmE1AAAAAFUAAACqAAAA/wAAAFQBAAAAAAAAYXJuOmF3czppb3RzaXRld2lzZTp1cy1lYXN0LTE6NTI2NTQ0NDIzODg0OmFzc2V0LzBkMTdlMTEzLTUyNmItNDUzNS04M2U5LTA3Njk0ZWFlY2JjZWFybjphd3M6aW90c2l0ZXdpc2U6dXMtZWFzdC0xOjUyNjU0NDQyMzg4NDphc3NldC85MTdlN2I1ZC0xMWNjLTQ4YzMtYWQ0Zi03YjY1ZmI5MjVhZDJhcm46YXdzOmlvdHNpdGV3aXNlOnVzLWVhc3QtMTo1MjY1NDQ0MjM4ODQ6YXNzZXQvYTUwZTIzN2ItY2U2Yi00ZWM0LWFjOWEtZjRkY2Y5MjBkZGU2YXJuOmF3czppb3RzaXRld2lzZTp1cy1lYXN0LTE6NTI2NTQ0NDIzODg0OmFzc2V0L2U2NGM5MDc1LTlkODktNDdjYi04ZWU1LWQzMjUxYmQyNTNmNAAAAAAAfK7/GlBKFgB8rv8aUEoWAHyu/xpQShYAshPEGlBKFgB8rv8aUEoWAHyu/xpQShYAfK7/GlBKFgCyE8QaUEoWAAAAAAYAAAAMAAAAEgAAABgAAAAAAAAAQUNUSVZFQUNUSVZFQUNUSVZFQUNUSVZFAAAAAAAAAAAAAAAAAAAAAAAAAAAAAAAAAAAAAAAAAAAAAAAAAgAAAAQAAAAGAAAACAAAAAAAAABbXVtdW11bXRAAAAAMABQAEgAMAAgABAAMAAAAEAAAACwAAAA8AAAAAAADAAEAAABQBAAAAAAAAIACAAAAAAAA2AMAAAAAAAAAAAAAAAAAAAAAAAAAAAoADAAAAAgABAAKAAAACAAAAHQAAAADAAAATAAAACgAAAAEAAAASPz//wgAAAAMAAAAAAAAAAAAAAAFAAAAcmVmSWQAAABo/P//CAAAAAwAAAAAAAAAAAAAAAQAAABuYW1lAAAAAIj8//8IAAAADAAAAAIAAAB7fQAABAAAAG1ldGEAAAAACQAAADQDAADMAgAAaAIAABQCAACcAQAANAEAANgAAAB8AAAABAAAAAL9//8UAAAAQAAAAEAAAAAAAAAFPAAAAAEAAAAEAAAA8Pz//wgAAAAUAAAACwAAAGhpZXJhcmNoaWVzAAQAAABuYW1lAAAAAAAAAADs/P//CwAAAGhpZXJhcmNoaWVzAAAAEgAYABQAEwASAAwAAAAIAAQAEgAAABQAAAA8AAAAPAAAAAAABQE4AAAAAQAAAAQAAABk/f//CAAAABAAAAAFAAAAZXJyb3IAAAAEAAAAbmFtZQAAAAAAAAAAXP3//wUAAABlcnJvcgAAAM79//8UAAAAPAAAADwAAAAAAAAFOAAAAAEAAAAEAAAAvP3//wgAAAAQAAAABQAAAHN0YXRlAAAABAAAAG5hbWUAAAAAAAAAALT9//8FAAAAc3RhdGUAAAAm/v//FAAAAEAAAABAAAAAAAAACkAAAAABAAAABAAAABT+//8IAAAAFAAAAAsAAABsYXN0X3VwZGF0ZQAEAAAAbmFtZQAAAAAAAAAAlv///wAAAwALAAAAbGFzdF91cGRhdGUAiv7//xQAAABEAAAATAAAAAAAAApMAAAAAQAAAAQAAAB4/v//CAAAABgAAAANAAAAY3JlYXRpb25fZGF0ZQAAAAQAAABuYW1lAAAAAAAAAAAAAAYACAAGAAYAAAAAAAMADQAAAGNyZWF0aW9uX2RhdGUAAAD+/v//FAAAADgAAAA4AAAAAAAABTQAAAABAAAABAAAAOz+//8IAAAADAAAAAMAAABhcm4ABAAAAG5hbWUAAAAAAAAAAOD+//8DAAAAYXJuAE7///8UAAAAQAAAAEAAAAAAAAAFPAAAAAEAAAAEAAAAPP///wgAAAAUAAAACAAAAG1vZGVsX2lkAAAAAAQAAABuYW1lAAAAAAAAAAA4////CAAAAG1vZGVsX2lkAAAAAK7///8UAAAAOAAAADgAAAAAAAAFNAAAAAEAAAAEAAAAnP///wgAAAAMAAAAAgAAAGlkAAAEAAAAbmFtZQAAAAAAAAAAkP///wIAAABpZAAAAAASABgAFAAAABMADAAAAAgABAASAAAAFAAAAEQAAABIAAAAAAAABUQAAAABAAAADAAAAAgADAAIAAQACAAAAAgAAAAQAAAABAAAAG5hbWUAAAAABAAAAG5hbWUAAAAAAAAAAAQABAAEAAAABAAAAG5hbWUAAAAAcAQAAEFSUk9XMQ==
