ðŸŒŸ This was machine generated.  Do not edit. ðŸŒŸ

Frame[0] {}

export interface YourFrameView {
  name: string; // string
  id: string; // string
  model_id: string; // string
  arn: string; // string
  creation_date: number; // time.Time
  last_update: number; // time.Time
  state: string; // string
  error?: string; // *string
  hierarchies: string; // string
}



Name: 
Dimensions: 9 Fields by 1 Rows
+----------------------+--------------------------------------+--------------------------------------+---------------------------------------------------------------------------------------+-------------------------------+-------------------------------+----------------+-----------------+------------------------------------------------------------------------------+
| Name: name           | Name: id                             | Name: model_id                       | Name: arn                                                                             | Name: creation_date           | Name: last_update             | Name: state    | Name: error     | Name: hierarchies                                                            |
| Labels:              | Labels:                              | Labels:                              | Labels:                                                                               | Labels:                       | Labels:                       | Labels:        | Labels:         | Labels:                                                                      |
| Type: []string       | Type: []string                       | Type: []string                       | Type: []string                                                                        | Type: []time.Time             | Type: []time.Time             | Type: []string | Type: []*string | Type: []string                                                               |
+----------------------+--------------------------------------+--------------------------------------+---------------------------------------------------------------------------------------+-------------------------------+-------------------------------+----------------+-----------------+------------------------------------------------------------------------------+
| Demo Wind Farm Asset | 7e2d9e45-60d3-4024-bd4d-8b31125f4016 | 78e4b177-b189-4538-96bc-f11d9c5517db | arn:aws:iotsitewise:us-east-1:341474261430:asset/7e2d9e45-60d3-4024-bd4d-8b31125f4016 | 2020-09-17 17:01:29 +0000 UTC | 2020-09-17 17:01:29 +0000 UTC | ACTIVE         | null            | [{"Id":"63610844-ab7c-42bf-aaeb-7126a86e6260","Name":"Turbine Asset Model"}] |
+----------------------+--------------------------------------+--------------------------------------+---------------------------------------------------------------------------------------+-------------------------------+-------------------------------+----------------+-----------------+------------------------------------------------------------------------------+


====== TEST DATA RESPONSE (arrow base64) ======
FRAME=QVJST1cxAAD/////QAQAABAAAAAAAAoADgAMAAsABAAKAAAAFAAAAAAAAAEDAAoADAAAAAgABAAKAAAACAAAAHQAAAADAAAATAAAACgAAAAEAAAASPz//wgAAAAMAAAAAAAAAAAAAAAFAAAAcmVmSWQAAABo/P//CAAAAAwAAAAAAAAAAAAAAAQAAABuYW1lAAAAAIj8//8IAAAADAAAAAIAAAB7fQAABAAAAG1ldGEAAAAACQAAADQDAADMAgAAaAIAABQCAACcAQAANAEAANgAAAB8AAAABAAAAAL9//8UAAAAQAAAAEAAAAAAAAAFPAAAAAEAAAAEAAAA8Pz//wgAAAAUAAAACwAAAGhpZXJhcmNoaWVzAAQAAABuYW1lAAAAAAAAAADs/P//CwAAAGhpZXJhcmNoaWVzAAAAEgAYABQAEwASAAwAAAAIAAQAEgAAABQAAAA8AAAAPAAAAAAABQE4AAAAAQAAAAQAAABk/f//CAAAABAAAAAFAAAAZXJyb3IAAAAEAAAAbmFtZQAAAAAAAAAAXP3//wUAAABlcnJvcgAAAM79//8UAAAAPAAAADwAAAAAAAAFOAAAAAEAAAAEAAAAvP3//wgAAAAQAAAABQAAAHN0YXRlAAAABAAAAG5hbWUAAAAAAAAAALT9//8FAAAAc3RhdGUAAAAm/v//FAAAAEAAAABAAAAAAAAACkAAAAABAAAABAAAABT+//8IAAAAFAAAAAsAAABsYXN0X3VwZGF0ZQAEAAAAbmFtZQAAAAAAAAAAlv///wAAAwALAAAAbGFzdF91cGRhdGUAiv7//xQAAABEAAAATAAAAAAAAApMAAAAAQAAAAQAAAB4/v//CAAAABgAAAANAAAAY3JlYXRpb25fZGF0ZQAAAAQAAABuYW1lAAAAAAAAAAAAAAYACAAGAAYAAAAAAAMADQAAAGNyZWF0aW9uX2RhdGUAAAD+/v//FAAAADgAAAA4AAAAAAAABTQAAAABAAAABAAAAOz+//8IAAAADAAAAAMAAABhcm4ABAAAAG5hbWUAAAAAAAAAAOD+//8DAAAAYXJuAE7///8UAAAAQAAAAEAAAAAAAAAFPAAAAAEAAAAEAAAAPP///wgAAAAUAAAACAAAAG1vZGVsX2lkAAAAAAQAAABuYW1lAAAAAAAAAAA4////CAAAAG1vZGVsX2lkAAAAAK7///8UAAAAOAAAADgAAAAAAAAFNAAAAAEAAAAEAAAAnP///wgAAAAMAAAAAgAAAGlkAAAEAAAAbmFtZQAAAAAAAAAAkP///wIAAABpZAAAAAASABgAFAAAABMADAAAAAgABAASAAAAFAAAAEQAAABIAAAAAAAABUQAAAABAAAADAAAAAgADAAIAAQACAAAAAgAAAAQAAAABAAAAG5hbWUAAAAABAAAAG5hbWUAAAAAAAAAAAQABAAEAAAABAAAAG5hbWUAAAAA/////3gCAAAUAAAAAAAAAAwAFgAUABMADAAEAAwAAABoAQAAAAAAABQAAAAAAAADAwAKABgADAAIAAQACgAAABQAAACoAQAAAQAAAAAAAAAAAAAAGQAAAAAAAAAAAAAAAAAAAAAAAAAAAAAAAAAAAAgAAAAAAAAACAAAAAAAAAAYAAAAAAAAACAAAAAAAAAAAAAAAAAAAAAgAAAAAAAAAAgAAAAAAAAAKAAAAAAAAAAoAAAAAAAAAFAAAAAAAAAAAAAAAAAAAABQAAAAAAAAAAgAAAAAAAAAWAAAAAAAAAAoAAAAAAAAAIAAAAAAAAAAAAAAAAAAAACAAAAAAAAAAAgAAAAAAAAAiAAAAAAAAABYAAAAAAAAAOAAAAAAAAAAAAAAAAAAAADgAAAAAAAAAAgAAAAAAAAA6AAAAAAAAAAAAAAAAAAAAOgAAAAAAAAACAAAAAAAAADwAAAAAAAAAAAAAAAAAAAA8AAAAAAAAAAIAAAAAAAAAPgAAAAAAAAACAAAAAAAAAAAAQAAAAAAAAgAAAAAAAAACAEAAAAAAAAIAAAAAAAAABABAAAAAAAAAAAAAAAAAAAQAQAAAAAAAAAAAAAAAAAAEAEAAAAAAAAIAAAAAAAAABgBAAAAAAAAUAAAAAAAAAAAAAAACQAAAAEAAAAAAAAAAAAAAAAAAAABAAAAAAAAAAAAAAAAAAAAAQAAAAAAAAAAAAAAAAAAAAEAAAAAAAAAAAAAAAAAAAABAAAAAAAAAAAAAAAAAAAAAQAAAAAAAAAAAAAAAAAAAAEAAAAAAAAAAAAAAAAAAAABAAAAAAAAAAEAAAAAAAAAAQAAAAAAAAAAAAAAAAAAAAAAAAAUAAAARGVtbyBXaW5kIEZhcm0gQXNzZXQAAAAAAAAAACQAAAA3ZTJkOWU0NS02MGQzLTQwMjQtYmQ0ZC04YjMxMTI1ZjQwMTYAAAAAAAAAACQAAAA3OGU0YjE3Ny1iMTg5LTQ1MzgtOTZiYy1mMTFkOWM1NTE3ZGIAAAAAAAAAAFUAAABhcm46YXdzOmlvdHNpdGV3aXNlOnVzLWVhc3QtMTozNDE0NzQyNjE0MzA6YXNzZXQvN2UyZDllNDUtNjBkMy00MDI0LWJkNGQtOGIzMTEyNWY0MDE2AAAAANrYQtegNRYA2thC16A1FgAAAAAGAAAAQUNUSVZFAAAAAAAAAAAAAAAAAAAAAAAAAAAAAEwAAABbeyJJZCI6IjYzNjEwODQ0LWFiN2MtNDJiZi1hYWViLTcxMjZhODZlNjI2MCIsIk5hbWUiOiJUdXJiaW5lIEFzc2V0IE1vZGVsIn1dAAAAABAAAAAMABQAEgAMAAgABAAMAAAAEAAAACwAAAA8AAAAAAADAAEAAABQBAAAAAAAAIACAAAAAAAAaAEAAAAAAAAAAAAAAAAAAAAAAAAAAAoADAAAAAgABAAKAAAACAAAAHQAAAADAAAATAAAACgAAAAEAAAASPz//wgAAAAMAAAAAAAAAAAAAAAFAAAAcmVmSWQAAABo/P//CAAAAAwAAAAAAAAAAAAAAAQAAABuYW1lAAAAAIj8//8IAAAADAAAAAIAAAB7fQAABAAAAG1ldGEAAAAACQAAADQDAADMAgAAaAIAABQCAACcAQAANAEAANgAAAB8AAAABAAAAAL9//8UAAAAQAAAAEAAAAAAAAAFPAAAAAEAAAAEAAAA8Pz//wgAAAAUAAAACwAAAGhpZXJhcmNoaWVzAAQAAABuYW1lAAAAAAAAAADs/P//CwAAAGhpZXJhcmNoaWVzAAAAEgAYABQAEwASAAwAAAAIAAQAEgAAABQAAAA8AAAAPAAAAAAABQE4AAAAAQAAAAQAAABk/f//CAAAABAAAAAFAAAAZXJyb3IAAAAEAAAAbmFtZQAAAAAAAAAAXP3//wUAAABlcnJvcgAAAM79//8UAAAAPAAAADwAAAAAAAAFOAAAAAEAAAAEAAAAvP3//wgAAAAQAAAABQAAAHN0YXRlAAAABAAAAG5hbWUAAAAAAAAAALT9//8FAAAAc3RhdGUAAAAm/v//FAAAAEAAAABAAAAAAAAACkAAAAABAAAABAAAABT+//8IAAAAFAAAAAsAAABsYXN0X3VwZGF0ZQAEAAAAbmFtZQAAAAAAAAAAlv///wAAAwALAAAAbGFzdF91cGRhdGUAiv7//xQAAABEAAAATAAAAAAAAApMAAAAAQAAAAQAAAB4/v//CAAAABgAAAANAAAAY3JlYXRpb25fZGF0ZQAAAAQAAABuYW1lAAAAAAAAAAAAAAYACAAGAAYAAAAAAAMADQAAAGNyZWF0aW9uX2RhdGUAAAD+/v//FAAAADgAAAA4AAAAAAAABTQAAAABAAAABAAAAOz+//8IAAAADAAAAAMAAABhcm4ABAAAAG5hbWUAAAAAAAAAAOD+//8DAAAAYXJuAE7///8UAAAAQAAAAEAAAAAAAAAFPAAAAAEAAAAEAAAAPP///wgAAAAUAAAACAAAAG1vZGVsX2lkAAAAAAQAAABuYW1lAAAAAAAAAAA4////CAAAAG1vZGVsX2lkAAAAAK7///8UAAAAOAAAADgAAAAAAAAFNAAAAAEAAAAEAAAAnP///wgAAAAMAAAAAgAAAGlkAAAEAAAAbmFtZQAAAAAAAAAAkP///wIAAABpZAAAAAASABgAFAAAABMADAAAAAgABAASAAAAFAAAAEQAAABIAAAAAAAABUQAAAABAAAADAAAAAgADAAIAAQACAAAAAgAAAAQAAAABAAAAG5hbWUAAAAABAAAAG5hbWUAAAAAAAAAAAQABAAEAAAABAAAAG5hbWUAAAAAcAQAAEFSUk9XMQ==
