ðŸŒŸ This was machine generated.  Do not edit. ðŸŒŸ

Frame[0] {}
Name: 
Dimensions: 9 Fields by 4 Rows
+----------------------+--------------------------------------+--------------------------------------+---------------------------------------------------------------------------------------+-------------------------------+-------------------------------+----------------+-----------------+----------------+
| Name: name           | Name: id                             | Name: id                             | Name: arn                                                                             | Name: creation_date           | Name: last_update             | Name: state    | Name: error     | Name: id       |
| Labels:              | Labels:                              | Labels:                              | Labels:                                                                               | Labels:                       | Labels:                       | Labels:        | Labels:         | Labels:        |
| Type: []string       | Type: []string                       | Type: []string                       | Type: []string                                                                        | Type: []time.Time             | Type: []time.Time             | Type: []string | Type: []*string | Type: []string |
+----------------------+--------------------------------------+--------------------------------------+---------------------------------------------------------------------------------------+-------------------------------+-------------------------------+----------------+-----------------+----------------+
| Demo Turbine Asset 2 | 07412cb4-0a8b-4939-af9c-5dcb3b2933e5 | 587d4e0e-045c-49ff-9fcc-c3032cb73309 | arn:aws:iotsitewise:us-east-1:341474261430:asset/07412cb4-0a8b-4939-af9c-5dcb3b2933e5 | 2020-09-17 17:01:12 +0000 UTC | 2020-09-17 17:01:12 +0000 UTC | ACTIVE         | null            | []             |
| Demo Turbine Asset 4 | 2a1e95f2-d49b-4f36-bee2-95cda2ac9654 | 587d4e0e-045c-49ff-9fcc-c3032cb73309 | arn:aws:iotsitewise:us-east-1:341474261430:asset/2a1e95f2-d49b-4f36-bee2-95cda2ac9654 | 2020-09-17 17:01:14 +0000 UTC | 2020-09-17 17:01:14 +0000 UTC | ACTIVE         | null            | []             |
| Demo Turbine Asset 3 | a999c93c-a2ed-4a31-b832-533a922440f9 | 587d4e0e-045c-49ff-9fcc-c3032cb73309 | arn:aws:iotsitewise:us-east-1:341474261430:asset/a999c93c-a2ed-4a31-b832-533a922440f9 | 2020-09-17 17:01:12 +0000 UTC | 2020-09-17 17:01:12 +0000 UTC | ACTIVE         | null            | []             |
| Demo Turbine Asset 1 | a9fe4e4a-e028-4be2-bd15-2f8dd0bee23b | 587d4e0e-045c-49ff-9fcc-c3032cb73309 | arn:aws:iotsitewise:us-east-1:341474261430:asset/a9fe4e4a-e028-4be2-bd15-2f8dd0bee23b | 2020-09-17 17:01:13 +0000 UTC | 2020-09-17 17:01:13 +0000 UTC | ACTIVE         | null            | []             |
+----------------------+--------------------------------------+--------------------------------------+---------------------------------------------------------------------------------------+-------------------------------+-------------------------------+----------------+-----------------+----------------+


====== TEST DATA RESPONSE (arrow base64) ======
FRAME=QVJST1cxAAD/////IAQAABAAAAAAAAoADgAMAAsABAAKAAAAFAAAAAAAAAEDAAoADAAAAAgABAAKAAAACAAAAHQAAAADAAAATAAAACgAAAAEAAAAaPz//wgAAAAMAAAAAAAAAAAAAAAFAAAAcmVmSWQAAACI/P//CAAAAAwAAAAAAAAAAAAAAAQAAABuYW1lAAAAAKj8//8IAAAADAAAAAIAAAB7fQAABAAAAG1ldGEAAAAACQAAABQDAACsAgAAWAIAAAQCAACMAQAAJAEAAMgAAABsAAAABAAAACL9//8UAAAAOAAAADgAAAAAAAAFNAAAAAEAAAAEAAAAEP3//wgAAAAMAAAAAgAAAGlkAAAEAAAAbmFtZQAAAAAAAAAABP3//wIAAABpZAAAAAASABgAFAATABIADAAAAAgABAASAAAAFAAAADwAAAA8AAAAAAAFATgAAAABAAAABAAAAHT9//8IAAAAEAAAAAUAAABlcnJvcgAAAAQAAABuYW1lAAAAAAAAAABs/f//BQAAAGVycm9yAAAA3v3//xQAAAA8AAAAPAAAAAAAAAU4AAAAAQAAAAQAAADM/f//CAAAABAAAAAFAAAAc3RhdGUAAAAEAAAAbmFtZQAAAAAAAAAAxP3//wUAAABzdGF0ZQAAADb+//8UAAAAQAAAAEAAAAAAAAAKQAAAAAEAAAAEAAAAJP7//wgAAAAUAAAACwAAAGxhc3RfdXBkYXRlAAQAAABuYW1lAAAAAAAAAACW////AAADAAsAAABsYXN0X3VwZGF0ZQCa/v//FAAAAEQAAABMAAAAAAAACkwAAAABAAAABAAAAIj+//8IAAAAGAAAAA0AAABjcmVhdGlvbl9kYXRlAAAABAAAAG5hbWUAAAAAAAAAAAAABgAIAAYABgAAAAAAAwANAAAAY3JlYXRpb25fZGF0ZQAAAA7///8UAAAAOAAAADgAAAAAAAAFNAAAAAEAAAAEAAAA/P7//wgAAAAMAAAAAwAAAGFybgAEAAAAbmFtZQAAAAAAAAAA8P7//wMAAABhcm4AXv///xQAAAA4AAAAOAAAAAAAAAU0AAAAAQAAAAQAAABM////CAAAAAwAAAACAAAAaWQAAAQAAABuYW1lAAAAAAAAAABA////AgAAAGlkAACu////FAAAADgAAAA4AAAAAAAABTQAAAABAAAABAAAAJz///8IAAAADAAAAAIAAABpZAAABAAAAG5hbWUAAAAAAAAAAJD///8CAAAAaWQAAAAAEgAYABQAAAATAAwAAAAIAAQAEgAAABQAAABEAAAASAAAAAAAAAVEAAAAAQAAAAwAAAAIAAwACAAEAAgAAAAIAAAAEAAAAAQAAABuYW1lAAAAAAQAAABuYW1lAAAAAAAAAAAEAAQABAAAAAQAAABuYW1lAAAAAP////94AgAAFAAAAAAAAAAMABYAFAATAAwABAAMAAAA2AMAAAAAAAAUAAAAAAAAAwMACgAYAAwACAAEAAoAAAAUAAAAqAEAAAQAAAAAAAAAAAAAABkAAAAAAAAAAAAAAAAAAAAAAAAAAAAAAAAAAAAYAAAAAAAAABgAAAAAAAAAUAAAAAAAAABoAAAAAAAAAAAAAAAAAAAAaAAAAAAAAAAYAAAAAAAAAIAAAAAAAAAAkAAAAAAAAAAQAQAAAAAAAAAAAAAAAAAAEAEAAAAAAAAYAAAAAAAAACgBAAAAAAAAkAAAAAAAAAC4AQAAAAAAAAAAAAAAAAAAuAEAAAAAAAAYAAAAAAAAANABAAAAAAAAWAEAAAAAAAAoAwAAAAAAAAAAAAAAAAAAKAMAAAAAAAAgAAAAAAAAAEgDAAAAAAAAAAAAAAAAAABIAwAAAAAAACAAAAAAAAAAaAMAAAAAAAAAAAAAAAAAAGgDAAAAAAAAGAAAAAAAAACAAwAAAAAAABgAAAAAAAAAmAMAAAAAAAAIAAAAAAAAAKADAAAAAAAAGAAAAAAAAAC4AwAAAAAAAAAAAAAAAAAAuAMAAAAAAAAAAAAAAAAAALgDAAAAAAAAGAAAAAAAAADQAwAAAAAAAAgAAAAAAAAAAAAAAAkAAAAEAAAAAAAAAAAAAAAAAAAABAAAAAAAAAAAAAAAAAAAAAQAAAAAAAAAAAAAAAAAAAAEAAAAAAAAAAAAAAAAAAAABAAAAAAAAAAAAAAAAAAAAAQAAAAAAAAAAAAAAAAAAAAEAAAAAAAAAAAAAAAAAAAABAAAAAAAAAAEAAAAAAAAAAQAAAAAAAAAAAAAAAAAAAAAAAAAFAAAACgAAAA8AAAAUAAAAAAAAABEZW1vIFR1cmJpbmUgQXNzZXQgMkRlbW8gVHVyYmluZSBBc3NldCA0RGVtbyBUdXJiaW5lIEFzc2V0IDNEZW1vIFR1cmJpbmUgQXNzZXQgMQAAAAAkAAAASAAAAGwAAACQAAAAAAAAADA3NDEyY2I0LTBhOGItNDkzOS1hZjljLTVkY2IzYjI5MzNlNTJhMWU5NWYyLWQ0OWItNGYzNi1iZWUyLTk1Y2RhMmFjOTY1NGE5OTljOTNjLWEyZWQtNGEzMS1iODMyLTUzM2E5MjI0NDBmOWE5ZmU0ZTRhLWUwMjgtNGJlMi1iZDE1LTJmOGRkMGJlZTIzYgAAAAAkAAAASAAAAGwAAACQAAAAAAAAADU4N2Q0ZTBlLTA0NWMtNDlmZi05ZmNjLWMzMDMyY2I3MzMwOTU4N2Q0ZTBlLTA0NWMtNDlmZi05ZmNjLWMzMDMyY2I3MzMwOTU4N2Q0ZTBlLTA0NWMtNDlmZi05ZmNjLWMzMDMyY2I3MzMwOTU4N2Q0ZTBlLTA0NWMtNDlmZi05ZmNjLWMzMDMyY2I3MzMwOQAAAABVAAAAqgAAAP8AAABUAQAAAAAAAGFybjphd3M6aW90c2l0ZXdpc2U6dXMtZWFzdC0xOjM0MTQ3NDI2MTQzMDphc3NldC8wNzQxMmNiNC0wYThiLTQ5MzktYWY5Yy01ZGNiM2IyOTMzZTVhcm46YXdzOmlvdHNpdGV3aXNlOnVzLWVhc3QtMTozNDE0NzQyNjE0MzA6YXNzZXQvMmExZTk1ZjItZDQ5Yi00ZjM2LWJlZTItOTVjZGEyYWM5NjU0YXJuOmF3czppb3RzaXRld2lzZTp1cy1lYXN0LTE6MzQxNDc0MjYxNDMwOmFzc2V0L2E5OTljOTNjLWEyZWQtNGEzMS1iODMyLTUzM2E5MjI0NDBmOWFybjphd3M6aW90c2l0ZXdpc2U6dXMtZWFzdC0xOjM0MTQ3NDI2MTQzMDphc3NldC9hOWZlNGU0YS1lMDI4LTRiZTItYmQxNS0yZjhkZDBiZWUyM2IAAAAAAHCRTdOgNRYABMfE06A1FgBwkU3ToDUWADosidOgNRYAcJFN06A1FgAEx8TToDUWAHCRTdOgNRYAOiyJ06A1FgAAAAAGAAAADAAAABIAAAAYAAAAAAAAAEFDVElWRUFDVElWRUFDVElWRUFDVElWRQAAAAAAAAAAAAAAAAAAAAAAAAAAAAAAAAAAAAAAAAAAAAAAAAIAAAAEAAAABgAAAAgAAAAAAAAAW11bXVtdW10QAAAADAAUABIADAAIAAQADAAAABAAAAAsAAAAPAAAAAAAAwABAAAAMAQAAAAAAACAAgAAAAAAANgDAAAAAAAAAAAAAAAAAAAAAAAAAAAKAAwAAAAIAAQACgAAAAgAAAB0AAAAAwAAAEwAAAAoAAAABAAAAGj8//8IAAAADAAAAAAAAAAAAAAABQAAAHJlZklkAAAAiPz//wgAAAAMAAAAAAAAAAAAAAAEAAAAbmFtZQAAAACo/P//CAAAAAwAAAACAAAAe30AAAQAAABtZXRhAAAAAAkAAAAUAwAArAIAAFgCAAAEAgAAjAEAACQBAADIAAAAbAAAAAQAAAAi/f//FAAAADgAAAA4AAAAAAAABTQAAAABAAAABAAAABD9//8IAAAADAAAAAIAAABpZAAABAAAAG5hbWUAAAAAAAAAAAT9//8CAAAAaWQAAAAAEgAYABQAEwASAAwAAAAIAAQAEgAAABQAAAA8AAAAPAAAAAAABQE4AAAAAQAAAAQAAAB0/f//CAAAABAAAAAFAAAAZXJyb3IAAAAEAAAAbmFtZQAAAAAAAAAAbP3//wUAAABlcnJvcgAAAN79//8UAAAAPAAAADwAAAAAAAAFOAAAAAEAAAAEAAAAzP3//wgAAAAQAAAABQAAAHN0YXRlAAAABAAAAG5hbWUAAAAAAAAAAMT9//8FAAAAc3RhdGUAAAA2/v//FAAAAEAAAABAAAAAAAAACkAAAAABAAAABAAAACT+//8IAAAAFAAAAAsAAABsYXN0X3VwZGF0ZQAEAAAAbmFtZQAAAAAAAAAAlv///wAAAwALAAAAbGFzdF91cGRhdGUAmv7//xQAAABEAAAATAAAAAAAAApMAAAAAQAAAAQAAACI/v//CAAAABgAAAANAAAAY3JlYXRpb25fZGF0ZQAAAAQAAABuYW1lAAAAAAAAAAAAAAYACAAGAAYAAAAAAAMADQAAAGNyZWF0aW9uX2RhdGUAAAAO////FAAAADgAAAA4AAAAAAAABTQAAAABAAAABAAAAPz+//8IAAAADAAAAAMAAABhcm4ABAAAAG5hbWUAAAAAAAAAAPD+//8DAAAAYXJuAF7///8UAAAAOAAAADgAAAAAAAAFNAAAAAEAAAAEAAAATP///wgAAAAMAAAAAgAAAGlkAAAEAAAAbmFtZQAAAAAAAAAAQP///wIAAABpZAAArv///xQAAAA4AAAAOAAAAAAAAAU0AAAAAQAAAAQAAACc////CAAAAAwAAAACAAAAaWQAAAQAAABuYW1lAAAAAAAAAACQ////AgAAAGlkAAAAABIAGAAUAAAAEwAMAAAACAAEABIAAAAUAAAARAAAAEgAAAAAAAAFRAAAAAEAAAAMAAAACAAMAAgABAAIAAAACAAAABAAAAAEAAAAbmFtZQAAAAAEAAAAbmFtZQAAAAAAAAAABAAEAAQAAAAEAAAAbmFtZQAAAABQBAAAQVJST1cx
