ðŸŒŸ This was machine generated.  Do not edit. ðŸŒŸ

Frame[0] {}

export interface YourFrameView {
  name: string; // string
  description: string; // string
  id: string; // string
  arn: string; // string
  error?: string; // *string
  state: string; // string
  creation_date: number; // time.Time
  last_update: number; // time.Time
}



Name: 
Dimensions: 8 Fields by 2 Rows
+----------------------------+--------------------------------------------------------------------------------------------------------------------------------------------+--------------------------------------+---------------------------------------------------------------------------------------------+-----------------+----------------+-------------------------------+-------------------------------+
| Name: name                 | Name: description                                                                                                                          | Name: id                             | Name: arn                                                                                   | Name: error     | Name: state    | Name: creation_date           | Name: last_update             |
| Labels:                    | Labels:                                                                                                                                    | Labels:                              | Labels:                                                                                     | Labels:         | Labels:        | Labels:                       | Labels:                       |
| Type: []string             | Type: []string                                                                                                                             | Type: []string                       | Type: []string                                                                              | Type: []*string | Type: []string | Type: []time.Time             | Type: []time.Time             |
+----------------------------+--------------------------------------------------------------------------------------------------------------------------------------------+--------------------------------------+---------------------------------------------------------------------------------------------+-----------------+----------------+-------------------------------+-------------------------------+
| Demo Turbine Asset Model   | This is an asset model used in the IoT SiteWise Demo for representing a turbine in a wind farm. It will be deleted at the end of the demo. | 587d4e0e-045c-49ff-9fcc-c3032cb73309 | arn:aws:iotsitewise:us-east-1:341474261430:asset-model/587d4e0e-045c-49ff-9fcc-c3032cb73309 | null            | ACTIVE         | 2020-09-17 17:00:41 +0000 UTC | 2020-09-17 17:00:46 +0000 UTC |
| Demo Wind Farm Asset Model | This is an asset model used in the IoT SiteWise Demo for representing a wind farm. It will be deleted at the end of the demo.              | 78e4b177-b189-4538-96bc-f11d9c5517db | arn:aws:iotsitewise:us-east-1:341474261430:asset-model/78e4b177-b189-4538-96bc-f11d9c5517db | null            | ACTIVE         | 2020-09-17 17:00:56 +0000 UTC | 2020-09-17 17:01:02 +0000 UTC |
+----------------------------+--------------------------------------------------------------------------------------------------------------------------------------------+--------------------------------------+---------------------------------------------------------------------------------------------+-----------------+----------------+-------------------------------+-------------------------------+


====== TEST DATA RESPONSE (arrow base64) ======
FRAME=QVJST1cxAAD/////2AMAABAAAAAAAAoADgAMAAsABAAKAAAAFAAAAAAAAAEDAAoADAAAAAgABAAKAAAACAAAAHQAAAADAAAATAAAACgAAAAEAAAAsPz//wgAAAAMAAAAAAAAAAAAAAAFAAAAcmVmSWQAAADQ/P//CAAAAAwAAAAAAAAAAAAAAAQAAABuYW1lAAAAAPD8//8IAAAADAAAAAIAAAB7fQAABAAAAG1ldGEAAAAACAAAAMwCAABUAgAAAAIAAKwBAABQAQAA5AAAAGwAAAAEAAAAZv3//xQAAABAAAAAQAAAAAAAAApAAAAAAQAAAAQAAABU/f//CAAAABQAAAALAAAAbGFzdF91cGRhdGUABAAAAG5hbWUAAAAAAAAAAJb///8AAAMACwAAAGxhc3RfdXBkYXRlAMr9//8UAAAARAAAAEwAAAAAAAAKTAAAAAEAAAAEAAAAuP3//wgAAAAYAAAADQAAAGNyZWF0aW9uX2RhdGUAAAAEAAAAbmFtZQAAAAAAAAAAAAAGAAgABgAGAAAAAAADAA0AAABjcmVhdGlvbl9kYXRlAAAAPv7//xQAAAA8AAAAPAAAAAAAAAU4AAAAAQAAAAQAAAAs/v//CAAAABAAAAAFAAAAc3RhdGUAAAAEAAAAbmFtZQAAAAAAAAAAJP7//wUAAABzdGF0ZQASABgAFAATABIADAAAAAgABAASAAAAFAAAADwAAAA8AAAAAAAFATgAAAABAAAABAAAAJT+//8IAAAAEAAAAAUAAABlcnJvcgAAAAQAAABuYW1lAAAAAAAAAACM/v//BQAAAGVycm9yAAAA/v7//xQAAAA4AAAAOAAAAAAAAAU0AAAAAQAAAAQAAADs/v//CAAAAAwAAAADAAAAYXJuAAQAAABuYW1lAAAAAAAAAADg/v//AwAAAGFybgBO////FAAAADgAAAA4AAAAAAAABTQAAAABAAAABAAAADz///8IAAAADAAAAAIAAABpZAAABAAAAG5hbWUAAAAAAAAAADD///8CAAAAaWQAAJ7///8UAAAAQAAAAEAAAAAAAAAFPAAAAAEAAAAEAAAAjP///wgAAAAUAAAACwAAAGRlc2NyaXB0aW9uAAQAAABuYW1lAAAAAAAAAACI////CwAAAGRlc2NyaXB0aW9uAAAAEgAYABQAAAATAAwAAAAIAAQAEgAAABQAAABEAAAASAAAAAAAAAVEAAAAAQAAAAwAAAAIAAwACAAEAAgAAAAIAAAAEAAAAAQAAABuYW1lAAAAAAQAAABuYW1lAAAAAAAAAAAEAAQABAAAAAQAAABuYW1lAAAAAP////84AgAAFAAAAAAAAAAMABYAFAATAAwABAAMAAAA2AIAAAAAAAAUAAAAAAAAAwMACgAYAAwACAAEAAoAAAAUAAAAeAEAAAIAAAAAAAAAAAAAABYAAAAAAAAAAAAAAAAAAAAAAAAAAAAAAAAAAAAQAAAAAAAAABAAAAAAAAAAOAAAAAAAAABIAAAAAAAAAAAAAAAAAAAASAAAAAAAAAAQAAAAAAAAAFgAAAAAAAAACAEAAAAAAABgAQAAAAAAAAAAAAAAAAAAYAEAAAAAAAAQAAAAAAAAAHABAAAAAAAASAAAAAAAAAC4AQAAAAAAAAAAAAAAAAAAuAEAAAAAAAAQAAAAAAAAAMgBAAAAAAAAuAAAAAAAAACAAgAAAAAAAAgAAAAAAAAAiAIAAAAAAAAQAAAAAAAAAJgCAAAAAAAAAAAAAAAAAACYAgAAAAAAAAAAAAAAAAAAmAIAAAAAAAAQAAAAAAAAAKgCAAAAAAAAEAAAAAAAAAC4AgAAAAAAAAAAAAAAAAAAuAIAAAAAAAAQAAAAAAAAAMgCAAAAAAAAAAAAAAAAAADIAgAAAAAAABAAAAAAAAAAAAAAAAgAAAACAAAAAAAAAAAAAAAAAAAAAgAAAAAAAAAAAAAAAAAAAAIAAAAAAAAAAAAAAAAAAAACAAAAAAAAAAAAAAAAAAAAAgAAAAAAAAACAAAAAAAAAAIAAAAAAAAAAAAAAAAAAAACAAAAAAAAAAAAAAAAAAAAAgAAAAAAAAAAAAAAAAAAAAAAAAAYAAAAMgAAAAAAAABEZW1vIFR1cmJpbmUgQXNzZXQgTW9kZWxEZW1vIFdpbmQgRmFybSBBc3NldCBNb2RlbAAAAAAAAAAAAACKAAAABwEAAAAAAABUaGlzIGlzIGFuIGFzc2V0IG1vZGVsIHVzZWQgaW4gdGhlIElvVCBTaXRlV2lzZSBEZW1vIGZvciByZXByZXNlbnRpbmcgYSB0dXJiaW5lIGluIGEgd2luZCBmYXJtLiBJdCB3aWxsIGJlIGRlbGV0ZWQgYXQgdGhlIGVuZCBvZiB0aGUgZGVtby5UaGlzIGlzIGFuIGFzc2V0IG1vZGVsIHVzZWQgaW4gdGhlIElvVCBTaXRlV2lzZSBEZW1vIGZvciByZXByZXNlbnRpbmcgYSB3aW5kIGZhcm0uIEl0IHdpbGwgYmUgZGVsZXRlZCBhdCB0aGUgZW5kIG9mIHRoZSBkZW1vLgAAAAAAJAAAAEgAAAAAAAAANTg3ZDRlMGUtMDQ1Yy00OWZmLTlmY2MtYzMwMzJjYjczMzA5NzhlNGIxNzctYjE4OS00NTM4LTk2YmMtZjExZDljNTUxN2RiAAAAAFsAAAC2AAAAAAAAAGFybjphd3M6aW90c2l0ZXdpc2U6dXMtZWFzdC0xOjM0MTQ3NDI2MTQzMDphc3NldC1tb2RlbC81ODdkNGUwZS0wNDVjLTQ5ZmYtOWZjYy1jMzAzMmNiNzMzMDlhcm46YXdzOmlvdHNpdGV3aXNlOnVzLWVhc3QtMTozNDE0NzQyNjE0MzA6YXNzZXQtbW9kZWwvNzhlNGIxNzctYjE4OS00NTM4LTk2YmMtZjExZDljNTUxN2RiAAAAAAAAAAAAAAAAAAAAAAAAAAAAAAAAAAAAAAAABgAAAAwAAAAAAAAAQUNUSVZFQUNUSVZFAAAAAAD60hXMoDUWANDkk8+gNRYA7Ng/zaA1FgCMhfnQoDUWEAAAAAwAFAASAAwACAAEAAwAAAAQAAAALAAAADwAAAAAAAMAAQAAAOgDAAAAAAAAQAIAAAAAAADYAgAAAAAAAAAAAAAAAAAAAAAAAAAACgAMAAAACAAEAAoAAAAIAAAAdAAAAAMAAABMAAAAKAAAAAQAAACw/P//CAAAAAwAAAAAAAAAAAAAAAUAAAByZWZJZAAAAND8//8IAAAADAAAAAAAAAAAAAAABAAAAG5hbWUAAAAA8Pz//wgAAAAMAAAAAgAAAHt9AAAEAAAAbWV0YQAAAAAIAAAAzAIAAFQCAAAAAgAArAEAAFABAADkAAAAbAAAAAQAAABm/f//FAAAAEAAAABAAAAAAAAACkAAAAABAAAABAAAAFT9//8IAAAAFAAAAAsAAABsYXN0X3VwZGF0ZQAEAAAAbmFtZQAAAAAAAAAAlv///wAAAwALAAAAbGFzdF91cGRhdGUAyv3//xQAAABEAAAATAAAAAAAAApMAAAAAQAAAAQAAAC4/f//CAAAABgAAAANAAAAY3JlYXRpb25fZGF0ZQAAAAQAAABuYW1lAAAAAAAAAAAAAAYACAAGAAYAAAAAAAMADQAAAGNyZWF0aW9uX2RhdGUAAAA+/v//FAAAADwAAAA8AAAAAAAABTgAAAABAAAABAAAACz+//8IAAAAEAAAAAUAAABzdGF0ZQAAAAQAAABuYW1lAAAAAAAAAAAk/v//BQAAAHN0YXRlABIAGAAUABMAEgAMAAAACAAEABIAAAAUAAAAPAAAADwAAAAAAAUBOAAAAAEAAAAEAAAAlP7//wgAAAAQAAAABQAAAGVycm9yAAAABAAAAG5hbWUAAAAAAAAAAIz+//8FAAAAZXJyb3IAAAD+/v//FAAAADgAAAA4AAAAAAAABTQAAAABAAAABAAAAOz+//8IAAAADAAAAAMAAABhcm4ABAAAAG5hbWUAAAAAAAAAAOD+//8DAAAAYXJuAE7///8UAAAAOAAAADgAAAAAAAAFNAAAAAEAAAAEAAAAPP///wgAAAAMAAAAAgAAAGlkAAAEAAAAbmFtZQAAAAAAAAAAMP///wIAAABpZAAAnv///xQAAABAAAAAQAAAAAAAAAU8AAAAAQAAAAQAAACM////CAAAABQAAAALAAAAZGVzY3JpcHRpb24ABAAAAG5hbWUAAAAAAAAAAIj///8LAAAAZGVzY3JpcHRpb24AAAASABgAFAAAABMADAAAAAgABAASAAAAFAAAAEQAAABIAAAAAAAABUQAAAABAAAADAAAAAgADAAIAAQACAAAAAgAAAAQAAAABAAAAG5hbWUAAAAABAAAAG5hbWUAAAAAAAAAAAQABAAEAAAABAAAAG5hbWUAAAAACAQAAEFSUk9XMQ==
