ðŸŒŸ This was machine generated.  Do not edit. ðŸŒŸ

Frame[0] 
Name: Demo Turbine Asset 1
Dimensions: 3 Fields by 0 Rows
+-------------------+------------------+----------------+
| Name: time        | Name: Wind Speed | Name: quality  |
| Labels:           | Labels:          | Labels:        |
| Type: []time.Time | Type: []float64  | Type: []string |
+-------------------+------------------+----------------+
+-------------------+------------------+----------------+


====== TEST DATA RESPONSE (arrow base64) ======
FRAME=QVJST1cxAAD/////GAIAABAAAAAAAAoADgAMAAsABAAKAAAAFAAAAAAAAAEDAAoADAAAAAgABAAKAAAACAAAAGQAAAACAAAAKAAAAAQAAAB4/v//CAAAAAwAAAAAAAAAAAAAAAUAAAByZWZJZAAAAJj+//8IAAAAIAAAABQAAABEZW1vIFR1cmJpbmUgQXNzZXQgMQAAAAAEAAAAbmFtZQAAAAADAAAAEAEAAGQAAAAEAAAADv///xQAAAA8AAAAQAAAAAAAAAU8AAAAAQAAAAQAAAD8/v//CAAAABAAAAAHAAAAcXVhbGl0eQAEAAAAbmFtZQAAAAAAAAAABAAEAAQAAAAHAAAAcXVhbGl0eQBq////FAAAAHAAAABwAAAAAAAAA3AAAAACAAAAMAAAAAQAAABc////CAAAABQAAAAKAAAAV2luZCBTcGVlZAAABAAAAG5hbWUAAAAAhP///wgAAAAYAAAADgAAAHsidW5pdCI6Im0vcyJ9AAAGAAAAY29uZmlnAAAAAAAAgv///wAAAgAKAAAAV2luZCBTcGVlZAAAAAASABgAFAAAABMADAAAAAgABAASAAAAFAAAAEQAAABMAAAAAAAACkwAAAABAAAADAAAAAgADAAIAAQACAAAAAgAAAAQAAAABAAAAHRpbWUAAAAABAAAAG5hbWUAAAAAAAAAAAAABgAIAAYABgAAAAAAAwAEAAAAdGltZQAAAAAAAAAAEAAAAAwAFAASAAwACAAEAAwAAAAQAAAAFAAAACAAAAAAAAMAAAAAAAAAAAAAAAAAAAAKAAwAAAAIAAQACgAAAAgAAABkAAAAAgAAACgAAAAEAAAAeP7//wgAAAAMAAAAAAAAAAAAAAAFAAAAcmVmSWQAAACY/v//CAAAACAAAAAUAAAARGVtbyBUdXJiaW5lIEFzc2V0IDEAAAAABAAAAG5hbWUAAAAAAwAAABABAABkAAAABAAAAA7///8UAAAAPAAAAEAAAAAAAAAFPAAAAAEAAAAEAAAA/P7//wgAAAAQAAAABwAAAHF1YWxpdHkABAAAAG5hbWUAAAAAAAAAAAQABAAEAAAABwAAAHF1YWxpdHkAav///xQAAABwAAAAcAAAAAAAAANwAAAAAgAAADAAAAAEAAAAXP///wgAAAAUAAAACgAAAFdpbmQgU3BlZWQAAAQAAABuYW1lAAAAAIT///8IAAAAGAAAAA4AAAB7InVuaXQiOiJtL3MifQAABgAAAGNvbmZpZwAAAAAAAIL///8AAAIACgAAAFdpbmQgU3BlZWQAAAAAEgAYABQAAAATAAwAAAAIAAQAEgAAABQAAABEAAAATAAAAAAAAApMAAAAAQAAAAwAAAAIAAwACAAEAAgAAAAIAAAAEAAAAAQAAAB0aW1lAAAAAAQAAABuYW1lAAAAAAAAAAAAAAYACAAGAAYAAAAAAAMABAAAAHRpbWUAAAAAKAIAAEFSUk9XMQ==
