ðŸŒŸ This was machine generated.  Do not edit. ðŸŒŸ

Frame[0] export interface YourFrameView {
  time: number; // time.Time
  "Wind Speed": number; // float64
  quality: string; // string
}



Name: Demo Turbine Asset 1
Dimensions: 3 Fields by 1 Rows
+-------------------------------+--------------------+----------------+
| Name: time                    | Name: Wind Speed   | Name: quality  |
| Labels:                       | Labels:            | Labels:        |
| Type: []time.Time             | Type: []float64    | Type: []string |
+-------------------------------+--------------------+----------------+
| 2020-10-20 11:55:00 -0700 PDT | 14.944054694911172 | GOOD           |
+-------------------------------+--------------------+----------------+


====== TEST DATA RESPONSE (arrow base64) ======
FRAME=QVJST1cxAAD/////GAIAABAAAAAAAAoADgAMAAsABAAKAAAAFAAAAAAAAAEDAAoADAAAAAgABAAKAAAACAAAAGQAAAACAAAAKAAAAAQAAAB4/v//CAAAAAwAAAAAAAAAAAAAAAUAAAByZWZJZAAAAJj+//8IAAAAIAAAABQAAABEZW1vIFR1cmJpbmUgQXNzZXQgMQAAAAAEAAAAbmFtZQAAAAADAAAAEAEAAGQAAAAEAAAADv///xQAAAA8AAAAQAAAAAAAAAU8AAAAAQAAAAQAAAD8/v//CAAAABAAAAAHAAAAcXVhbGl0eQAEAAAAbmFtZQAAAAAAAAAABAAEAAQAAAAHAAAAcXVhbGl0eQBq////FAAAAHAAAABwAAAAAAAAA3AAAAACAAAAMAAAAAQAAABc////CAAAABQAAAAKAAAAV2luZCBTcGVlZAAABAAAAG5hbWUAAAAAhP///wgAAAAYAAAADgAAAHsidW5pdCI6Im0vcyJ9AAAGAAAAY29uZmlnAAAAAAAAgv///wAAAgAKAAAAV2luZCBTcGVlZAAAAAASABgAFAAAABMADAAAAAgABAASAAAAFAAAAEQAAABMAAAAAAAACkwAAAABAAAADAAAAAgADAAIAAQACAAAAAgAAAAQAAAABAAAAHRpbWUAAAAABAAAAG5hbWUAAAAAAAAAAAAABgAIAAYABgAAAAAAAwAEAAAAdGltZQAAAAAAAAAA//////gAAAAUAAAAAAAAAAwAFgAUABMADAAEAAwAAAAgAAAAAAAAABQAAAAAAAADAwAKABgADAAIAAQACgAAABQAAACIAAAAAQAAAAAAAAAAAAAABwAAAAAAAAAAAAAAAAAAAAAAAAAAAAAAAAAAAAgAAAAAAAAACAAAAAAAAAAAAAAAAAAAAAgAAAAAAAAACAAAAAAAAAAQAAAAAAAAAAAAAAAAAAAAEAAAAAAAAAAIAAAAAAAAABgAAAAAAAAACAAAAAAAAAAAAAAAAwAAAAEAAAAAAAAAAAAAAAAAAAABAAAAAAAAAAAAAAAAAAAAAQAAAAAAAAAAAAAAAAAAAAAoRM0vyD8Wt44QI1vjLUAAAAAABAAAAEdPT0QAAAAAEAAAAAwAFAASAAwACAAEAAwAAAAQAAAALAAAADgAAAAAAAMAAQAAACgCAAAAAAAAAAEAAAAAAAAgAAAAAAAAAAAAAAAAAAAAAAAKAAwAAAAIAAQACgAAAAgAAABkAAAAAgAAACgAAAAEAAAAeP7//wgAAAAMAAAAAAAAAAAAAAAFAAAAcmVmSWQAAACY/v//CAAAACAAAAAUAAAARGVtbyBUdXJiaW5lIEFzc2V0IDEAAAAABAAAAG5hbWUAAAAAAwAAABABAABkAAAABAAAAA7///8UAAAAPAAAAEAAAAAAAAAFPAAAAAEAAAAEAAAA/P7//wgAAAAQAAAABwAAAHF1YWxpdHkABAAAAG5hbWUAAAAAAAAAAAQABAAEAAAABwAAAHF1YWxpdHkAav///xQAAABwAAAAcAAAAAAAAANwAAAAAgAAADAAAAAEAAAAXP///wgAAAAUAAAACgAAAFdpbmQgU3BlZWQAAAQAAABuYW1lAAAAAIT///8IAAAAGAAAAA4AAAB7InVuaXQiOiJtL3MifQAABgAAAGNvbmZpZwAAAAAAAIL///8AAAIACgAAAFdpbmQgU3BlZWQAAAAAEgAYABQAAAATAAwAAAAIAAQAEgAAABQAAABEAAAATAAAAAAAAApMAAAAAQAAAAwAAAAIAAwACAAEAAgAAAAIAAAAEAAAAAQAAAB0aW1lAAAAAAQAAABuYW1lAAAAAAAAAAAAAAYACAAGAAYAAAAAAAMABAAAAHRpbWUAAAAAQAIAAEFSUk9XMQ==
