ðŸŒŸ This was machine generated.  Do not edit. ðŸŒŸ

Frame[0] {}

export interface YourFrameView {
  time: number; // time.Time
  "Average Wind Speed": number; // float64
  quality: string; // string
}



Name: Demo Turbine Asset 1
Dimensions: 3 Fields by 36 Rows
+-------------------------------+--------------------------+----------------+
| Name: time                    | Name: Average Wind Speed | Name: quality  |
| Labels:                       | Labels:                  | Labels:        |
| Type: []time.Time             | Type: []float64          | Type: []string |
+-------------------------------+--------------------------+----------------+
| 2020-10-20 09:00:00 -0700 PDT | 20.271689505505307       | GOOD           |
| 2020-10-20 09:05:00 -0700 PDT | 20.297604358963408       | GOOD           |
| 2020-10-20 09:10:00 -0700 PDT | 20.07622639393919        | GOOD           |
| 2020-10-20 09:15:00 -0700 PDT | 20.817385995812675       | GOOD           |
| 2020-10-20 09:20:00 -0700 PDT | 21.217785601922966       | GOOD           |
| 2020-10-20 09:25:00 -0700 PDT | 21.230408108080226       | GOOD           |
| 2020-10-20 09:30:00 -0700 PDT | 21.961728628888263       | GOOD           |
| 2020-10-20 09:35:00 -0700 PDT | 22.37178040962405        | GOOD           |
| 2020-10-20 09:40:00 -0700 PDT | 23.429738512271825       | GOOD           |
| ...                           | ...                      | ...            |
+-------------------------------+--------------------------+----------------+


====== TEST DATA RESPONSE (arrow base64) ======
FRAME=QVJST1cxAAD/////SAIAABAAAAAAAAoADgAMAAsABAAKAAAAFAAAAAAAAAEDAAoADAAAAAgABAAKAAAACAAAAIgAAAADAAAAYAAAACgAAAAEAAAASP7//wgAAAAMAAAAAAAAAAAAAAAFAAAAcmVmSWQAAABo/v//CAAAACAAAAAUAAAARGVtbyBUdXJiaW5lIEFzc2V0IDEAAAAABAAAAG5hbWUAAAAAnP7//wgAAAAMAAAAAgAAAHt9AAAEAAAAbWV0YQAAAAADAAAAIAEAAGQAAAAEAAAA/v7//xQAAAA8AAAAQAAAAAAAAAU8AAAAAQAAAAQAAADs/v//CAAAABAAAAAHAAAAcXVhbGl0eQAEAAAAbmFtZQAAAAAAAAAABAAEAAQAAAAHAAAAcXVhbGl0eQBa////FAAAAHgAAAB4AAAAAAAAA3gAAAACAAAAOAAAAAQAAABM////CAAAABwAAAASAAAAQXZlcmFnZSBXaW5kIFNwZWVkAAAEAAAAbmFtZQAAAAB8////CAAAABgAAAAOAAAAeyJ1bml0IjoibS9zIn0AAAYAAABjb25maWcAAAAAAAB6////AAACABIAAABBdmVyYWdlIFdpbmQgU3BlZWQAAAAAEgAYABQAAAATAAwAAAAIAAQAEgAAABQAAABEAAAATAAAAAAAAApMAAAAAQAAAAwAAAAIAAwACAAEAAgAAAAIAAAAEAAAAAQAAAB0aW1lAAAAAAQAAABuYW1lAAAAAAAAAAAAAAYACAAGAAYAAAAAAAMABAAAAHRpbWUAAAAA//////gAAAAUAAAAAAAAAAwAFgAUABMADAAEAAwAAABoAwAAAAAAABQAAAAAAAADAwAKABgADAAIAAQACgAAABQAAACIAAAAJAAAAAAAAAAAAAAABwAAAAAAAAAAAAAAAAAAAAAAAAAAAAAAAAAAACABAAAAAAAAIAEAAAAAAAAAAAAAAAAAACABAAAAAAAAIAEAAAAAAABAAgAAAAAAAAAAAAAAAAAAQAIAAAAAAACYAAAAAAAAANgCAAAAAAAAkAAAAAAAAAAAAAAAAwAAACQAAAAAAAAAAAAAAAAAAAAkAAAAAAAAAAAAAAAAAAAAJAAAAAAAAAAAAAAAAAAAAAAAfxSjvj8WALjj7ei+PxYAcEjHLr8/FgAoraB0vz8WAOARerq/PxYAmHZTAMA/FgBQ2yxGwD8WAAhABozAPxYAwKTf0cA/FgB4CbkXwT8WADBukl3BPxYA6NJro8E/FgCgN0XpwT8WAFicHi/CPxYAEAH4dMI/FgDIZdG6wj8WAIDKqgDDPxYAOC+ERsM/FgDwk12Mwz8WAKj4NtLDPxYAYF0QGMQ/FgAYwuldxD8WANAmw6PEPxYAiIuc6cQ/FgBA8HUvxT8WAPhUT3XFPxYAsLkou8U/FgBoHgIBxj8WACCD20bGPxYA2Oe0jMY/FgCQTI7Sxj8WAEixZxjHPxYAABZBXsc/FgC4ehqkxz8WAHDf8+nHPxYAKETNL8g/FszPhHGNRTRAF+WczC9MNECTD62SgxM0QE05aDVA0TRAf8wVzMA3NUAU8JgG/Do1QLez8Ngz9jVA+KA8AC1fNkAICthXA243QMrRaKq2FDhASbxXqTgQN0D3XXf8AQQ3QOTwmixNpjdAEpN/oWXyN0A3ck3+Hs04QOC9HXe5AzlA+bmdf2iNOEAeJVEBauE3QBLvWFlxPzdA/4qAitvdNkCwC+RllF41QK8wN1LW/jJApmMlAzgeMkAJQMINWZUyQK4ryFTg6jFAYY0O5dZfMkAgYgZrE7kyQLxcv5w2WDFA0u47TCm9MEBECcZPx5cwQAPYq59nDTBAobkn3eFIMEC7o07gusgwQHip2LEFXzBApOqdTxa2L0C3jhAjW+MtQAAAAAAEAAAACAAAAAwAAAAQAAAAFAAAABgAAAAcAAAAIAAAACQAAAAoAAAALAAAADAAAAA0AAAAOAAAADwAAABAAAAARAAAAEgAAABMAAAAUAAAAFQAAABYAAAAXAAAAGAAAABkAAAAaAAAAGwAAABwAAAAdAAAAHgAAAB8AAAAgAAAAIQAAACIAAAAjAAAAJAAAAAAAAAAR09PREdPT0RHT09ER09PREdPT0RHT09ER09PREdPT0RHT09ER09PREdPT0RHT09ER09PREdPT0RHT09ER09PREdPT0RHT09ER09PREdPT0RHT09ER09PREdPT0RHT09ER09PREdPT0RHT09ER09PREdPT0RHT09ER09PREdPT0RHT09ER09PREdPT0RHT09EEAAAAAwAFAASAAwACAAEAAwAAAAQAAAALAAAADwAAAAAAAMAAQAAAFgCAAAAAAAAAAEAAAAAAABoAwAAAAAAAAAAAAAAAAAAAAAAAAAACgAMAAAACAAEAAoAAAAIAAAAiAAAAAMAAABgAAAAKAAAAAQAAABI/v//CAAAAAwAAAAAAAAAAAAAAAUAAAByZWZJZAAAAGj+//8IAAAAIAAAABQAAABEZW1vIFR1cmJpbmUgQXNzZXQgMQAAAAAEAAAAbmFtZQAAAACc/v//CAAAAAwAAAACAAAAe30AAAQAAABtZXRhAAAAAAMAAAAgAQAAZAAAAAQAAAD+/v//FAAAADwAAABAAAAAAAAABTwAAAABAAAABAAAAOz+//8IAAAAEAAAAAcAAABxdWFsaXR5AAQAAABuYW1lAAAAAAAAAAAEAAQABAAAAAcAAABxdWFsaXR5AFr///8UAAAAeAAAAHgAAAAAAAADeAAAAAIAAAA4AAAABAAAAEz///8IAAAAHAAAABIAAABBdmVyYWdlIFdpbmQgU3BlZWQAAAQAAABuYW1lAAAAAHz///8IAAAAGAAAAA4AAAB7InVuaXQiOiJtL3MifQAABgAAAGNvbmZpZwAAAAAAAHr///8AAAIAEgAAAEF2ZXJhZ2UgV2luZCBTcGVlZAAAAAASABgAFAAAABMADAAAAAgABAASAAAAFAAAAEQAAABMAAAAAAAACkwAAAABAAAADAAAAAgADAAIAAQACAAAAAgAAAAQAAAABAAAAHRpbWUAAAAABAAAAG5hbWUAAAAAAAAAAAAABgAIAAYABgAAAAAAAwAEAAAAdGltZQAAAAB4AgAAQVJST1cx
