ðŸŒŸ This was machine generated.  Do not edit. ðŸŒŸ

Frame[0] {}
Name: Demo Turbine Asset 1
Dimensions: 3 Fields by 35 Rows
+-------------------------------+--------------------+----------------+
| Name: time                    | Name: raw          | Name: quality  |
| Labels:                       | Labels:            | Labels:        |
| Type: []time.Time             | Type: []float64    | Type: []string |
+-------------------------------+--------------------+----------------+
| 2021-02-01 08:30:00 -0800 PST | 28.287864119831497 | GOOD           |
| 2021-02-01 08:35:00 -0800 PST | 28.345162289561085 | GOOD           |
| 2021-02-01 08:40:00 -0800 PST | 28.57531512865568  | GOOD           |
| 2021-02-01 08:45:00 -0800 PST | 28.779631112505346 | GOOD           |
| 2021-02-01 08:50:00 -0800 PST | 28.746434495312684 | GOOD           |
| 2021-02-01 08:55:00 -0800 PST | 28.815794249589597 | GOOD           |
| 2021-02-01 09:00:00 -0800 PST | 29.67006840640403  | GOOD           |
| 2021-02-01 09:05:00 -0800 PST | 29.504278603194113 | GOOD           |
| 2021-02-01 09:10:00 -0800 PST | 29.32301703873501  | GOOD           |
| ...                           | ...                | ...            |
+-------------------------------+--------------------+----------------+


====== TEST DATA RESPONSE (arrow base64) ======
FRAME=QVJST1cxAAD/////KAIAABAAAAAAAAoADgAMAAsABAAKAAAAFAAAAAAAAAEDAAoADAAAAAgABAAKAAAACAAAAIgAAAADAAAAYAAAACgAAAAEAAAAaP7//wgAAAAMAAAAAAAAAAAAAAAFAAAAcmVmSWQAAACI/v//CAAAACAAAAAUAAAARGVtbyBUdXJiaW5lIEFzc2V0IDEAAAAABAAAAG5hbWUAAAAAvP7//wgAAAAMAAAAAgAAAHt9AAAEAAAAbWV0YQAAAAADAAAAAAEAAGQAAAAEAAAAHv///xQAAAA8AAAAQAAAAAAAAAU8AAAAAQAAAAQAAAAM////CAAAABAAAAAHAAAAcXVhbGl0eQAEAAAAbmFtZQAAAAAAAAAABAAEAAQAAAAHAAAAcXVhbGl0eQB6////FAAAAGgAAABoAAAAAAAAA2gAAAACAAAAKAAAAAQAAABs////CAAAAAwAAAADAAAAcmF3AAQAAABuYW1lAAAAAIz///8IAAAAGAAAAA4AAAB7InVuaXQiOiJtL3MifQAABgAAAGNvbmZpZwAAAAAAAIr///8AAAIAAwAAAHJhdwAAABIAGAAUAAAAEwAMAAAACAAEABIAAAAUAAAARAAAAEwAAAAAAAAKTAAAAAEAAAAMAAAACAAMAAgABAAIAAAACAAAABAAAAAEAAAAdGltZQAAAAAEAAAAbmFtZQAAAAAAAAAAAAAGAAgABgAGAAAAAAADAAQAAAB0aW1lAAAAAP/////4AAAAFAAAAAAAAAAMABYAFAATAAwABAAMAAAAUAMAAAAAAAAUAAAAAAAAAwMACgAYAAwACAAEAAoAAAAUAAAAiAAAACMAAAAAAAAAAAAAAAcAAAAAAAAAAAAAAAAAAAAAAAAAAAAAAAAAAAAYAQAAAAAAABgBAAAAAAAAAAAAAAAAAAAYAQAAAAAAABgBAAAAAAAAMAIAAAAAAAAAAAAAAAAAADACAAAAAAAAkAAAAAAAAADAAgAAAAAAAJAAAAAAAAAAAAAAAAMAAAAjAAAAAAAAAAAAAAAAAAAAIwAAAAAAAAAAAAAAAAAAACMAAAAAAAAAAAAAAAAAAAAAUPM0oaxfFgAIWA7nrF8WAMC85yytXxYAeCHBcq1fFgAwhpq4rV8WAOjqc/6tXxYAoE9NRK5fFgBYtCaKrl8WABAZANCuXxYAyH3ZFa9fFgCA4rJbr18WADhHjKGvXxYA8Ktl569fFgCoED8tsF8WAGB1GHOwXxYAGNrxuLBfFgDQPsv+sF8WAIijpESxXxYAQAh+irFfFgD4bFfQsV8WALDRMBayXxYAaDYKXLJfFgAgm+Ohsl8WANj/vOeyXxYAkGSWLbNfFgBIyW9zs18WAAAuSbmzXxYAuJIi/7NfFgBw9/tEtF8WAChc1Yq0XxYA4MCu0LRfFgCYJYgWtV8WAFCKYVy1XxYACO86orVfFgDAUxTotV8WPF6EdrFJPEAzekmOXFg8QF54LtpHkzxAkSeT55XHPEBo+cFUFr88QI9AVuTX0DxAkZZjmomrPUCRygxnGIE9QOpqoT6xUj1AcmH+KgMjPED5X5Dp6207QE5ZpHjXjzpALo9z899VOkCJryLZjk86QPET2Ko8HDpA16jhOjcWOUAbZDH6xKU5QOhK0ygKfjpA3YdtdRRJOkBQ1OOuHbs5QKSDE0mwpThAnRB5jxw0OEAaDsgTsmg4QGU+sUSBJTlAJ3Mq6W/HOEA9YAHQZ+Q4QC8ZWnZRXTlAbuugYY3sOEAtBN8V/nw4QHXV1YyptjhAJiBlhQYQOEB2/Vod/Xc4QCE7D6fs2ThAtaAilOA2OEB7hmzJYM83QAAAAAAEAAAACAAAAAwAAAAQAAAAFAAAABgAAAAcAAAAIAAAACQAAAAoAAAALAAAADAAAAA0AAAAOAAAADwAAABAAAAARAAAAEgAAABMAAAAUAAAAFQAAABYAAAAXAAAAGAAAABkAAAAaAAAAGwAAABwAAAAdAAAAHgAAAB8AAAAgAAAAIQAAACIAAAAjAAAAEdPT0RHT09ER09PREdPT0RHT09ER09PREdPT0RHT09ER09PREdPT0RHT09ER09PREdPT0RHT09ER09PREdPT0RHT09ER09PREdPT0RHT09ER09PREdPT0RHT09ER09PREdPT0RHT09ER09PREdPT0RHT09ER09PREdPT0RHT09ER09PREdPT0RHT09EAAAAABAAAAAMABQAEgAMAAgABAAMAAAAEAAAACwAAAA8AAAAAAADAAEAAAA4AgAAAAAAAAABAAAAAAAAUAMAAAAAAAAAAAAAAAAAAAAAAAAAAAoADAAAAAgABAAKAAAACAAAAIgAAAADAAAAYAAAACgAAAAEAAAAaP7//wgAAAAMAAAAAAAAAAAAAAAFAAAAcmVmSWQAAACI/v//CAAAACAAAAAUAAAARGVtbyBUdXJiaW5lIEFzc2V0IDEAAAAABAAAAG5hbWUAAAAAvP7//wgAAAAMAAAAAgAAAHt9AAAEAAAAbWV0YQAAAAADAAAAAAEAAGQAAAAEAAAAHv///xQAAAA8AAAAQAAAAAAAAAU8AAAAAQAAAAQAAAAM////CAAAABAAAAAHAAAAcXVhbGl0eQAEAAAAbmFtZQAAAAAAAAAABAAEAAQAAAAHAAAAcXVhbGl0eQB6////FAAAAGgAAABoAAAAAAAAA2gAAAACAAAAKAAAAAQAAABs////CAAAAAwAAAADAAAAcmF3AAQAAABuYW1lAAAAAIz///8IAAAAGAAAAA4AAAB7InVuaXQiOiJtL3MifQAABgAAAGNvbmZpZwAAAAAAAIr///8AAAIAAwAAAHJhdwAAABIAGAAUAAAAEwAMAAAACAAEABIAAAAUAAAARAAAAEwAAAAAAAAKTAAAAAEAAAAMAAAACAAMAAgABAAIAAAACAAAABAAAAAEAAAAdGltZQAAAAAEAAAAbmFtZQAAAAAAAAAAAAAGAAgABgAGAAAAAAADAAQAAAB0aW1lAAAAAFgCAABBUlJPVzE=
