ðŸŒŸ This was machine generated.  Do not edit. ðŸŒŸ

Frame[0] {}
Name: Demo Turbine Asset 1 Average Wind Speed
Dimensions: 7 Fields by 94 Rows
+-------------------------------+--------------------+--------------------+--------------------+--------------------+-----------------+----------------------+
| Name: time                    | Name: avg          | Name: min          | Name: max          | Name: sum          | Name: count     | Name: stddev         |
| Labels:                       | Labels:            | Labels:            | Labels:            | Labels:            | Labels:         | Labels:              |
| Type: []time.Time             | Type: []float64    | Type: []float64    | Type: []float64    | Type: []float64    | Type: []float64 | Type: []float64      |
+-------------------------------+--------------------+--------------------+--------------------+--------------------+-----------------+----------------------+
| 2021-02-01 16:27:00 +0000 UTC | 28.143901789303943 | 28.027858828275807 | 28.267828267190303 | 1688.6341073582366 | 60              | 0.06742737023607694  |
| 2021-02-01 16:28:00 +0000 UTC | 28.25676100638458  | 28.03059044520338  | 28.586291164675707 | 1695.4056603830747 | 60              | 0.1544243293184975   |
| 2021-02-01 16:29:00 +0000 UTC | 28.53645601949994  | 28.262134651859817 | 28.60055326845465  | 1712.1873611699964 | 60              | 0.050917294522206724 |
| 2021-02-01 16:30:00 +0000 UTC | 28.405769511580736 | 28.23815737344583  | 28.60235724764092  | 1704.3461706948442 | 60              | 0.10532487533086206  |
| 2021-02-01 16:31:00 +0000 UTC | 28.226314447815984 | 28.197163556766814 | 28.28257043159991  | 1693.578866868959  | 60              | 0.019540433734448477 |
| 2021-02-01 16:32:00 +0000 UTC | 28.286116577254294 | 28.206265998037114 | 28.554956125300247 | 1697.1669946352577 | 60              | 0.06353431474882687  |
| 2021-02-01 16:33:00 +0000 UTC | 28.46708622866816  | 28.367183321696437 | 28.55724063115585  | 1708.0251737200895 | 60              | 0.058669317912260335 |
| 2021-02-01 16:34:00 +0000 UTC | 28.394816156365888 | 28.203613175480168 | 28.55845590538762  | 1703.6889693819533 | 60              | 0.09394267255094323  |
| 2021-02-01 16:35:00 +0000 UTC | 28.35147803770108  | 28.211219208598006 | 28.51221993772424  | 1701.0886822620648 | 60              | 0.0873704227755666   |
| ...                           | ...                | ...                | ...                | ...                | ...             | ...                  |
+-------------------------------+--------------------+--------------------+--------------------+--------------------+-----------------+----------------------+


====== TEST DATA RESPONSE (arrow base64) ======
FRAME=QVJST1cxAAD/////cAMAABAAAAAAAAoADgAMAAsABAAKAAAAFAAAAAAAAAEDAAoADAAAAAgABAAKAAAACAAAAJgAAAADAAAAcAAAACgAAAAEAAAAIP3//wgAAAAMAAAAAAAAAAAAAAAFAAAAcmVmSWQAAABA/f//CAAAADAAAAAnAAAARGVtbyBUdXJiaW5lIEFzc2V0IDEgQXZlcmFnZSBXaW5kIFNwZWVkAAQAAABuYW1lAAAAAIT9//8IAAAADAAAAAIAAAB7fQAABAAAAG1ldGEAAAAABwAAADgCAADMAQAAdAEAABwBAADEAAAAZAAAAAQAAAD2/f//FAAAADwAAAA8AAAAAAAAAzwAAAABAAAABAAAAOT9//8IAAAAEAAAAAYAAABzdGRkZXYAAAQAAABuYW1lAAAAAAAAAADa/f//AAACAAYAAABzdGRkZXYAAFL+//8UAAAAPAAAADwAAAAAAAADPAAAAAEAAAAEAAAAQP7//wgAAAAQAAAABQAAAGNvdW50AAAABAAAAG5hbWUAAAAAAAAAADb+//8AAAIABQAAAGNvdW50AAAArv7//xQAAAA4AAAAOAAAAAAAAAM4AAAAAQAAAAQAAACc/v//CAAAAAwAAAADAAAAc3VtAAQAAABuYW1lAAAAAAAAAACO/v//AAACAAMAAABzdW0AAv///xQAAAA4AAAAOAAAAAAAAAM4AAAAAQAAAAQAAADw/v//CAAAAAwAAAADAAAAbWF4AAQAAABuYW1lAAAAAAAAAADi/v//AAACAAMAAABtYXgAVv///xQAAAA4AAAAOAAAAAAAAAM4AAAAAQAAAAQAAABE////CAAAAAwAAAADAAAAbWluAAQAAABuYW1lAAAAAAAAAAA2////AAACAAMAAABtaW4Aqv///xQAAAA4AAAAOAAAAAAAAAM4AAAAAQAAAAQAAACY////CAAAAAwAAAADAAAAYXZnAAQAAABuYW1lAAAAAAAAAACK////AAACAAMAAABhdmcAAAASABgAFAAAABMADAAAAAgABAASAAAAFAAAAEQAAABMAAAAAAAACkwAAAABAAAADAAAAAgADAAIAAQACAAAAAgAAAAQAAAABAAAAHRpbWUAAAAABAAAAG5hbWUAAAAAAAAAAAAABgAIAAYABgAAAAAAAwAEAAAAdGltZQAAAAD/////qAEAABQAAAAAAAAADAAWABQAEwAMAAQADAAAAJAUAAAAAAAAFAAAAAAAAAMDAAoAGAAMAAgABAAKAAAAFAAAAPgAAABeAAAAAAAAAAAAAAAOAAAAAAAAAAAAAAAAAAAAAAAAAAAAAAAAAAAA8AIAAAAAAADwAgAAAAAAAAAAAAAAAAAA8AIAAAAAAADwAgAAAAAAAOAFAAAAAAAAAAAAAAAAAADgBQAAAAAAAPACAAAAAAAA0AgAAAAAAAAAAAAAAAAAANAIAAAAAAAA8AIAAAAAAADACwAAAAAAAAAAAAAAAAAAwAsAAAAAAADwAgAAAAAAALAOAAAAAAAAAAAAAAAAAACwDgAAAAAAAPACAAAAAAAAoBEAAAAAAAAAAAAAAAAAAKARAAAAAAAA8AIAAAAAAAAAAAAABwAAAF4AAAAAAAAAAAAAAAAAAABeAAAAAAAAAAAAAAAAAAAAXgAAAAAAAAAAAAAAAAAAAF4AAAAAAAAAAAAAAAAAAABeAAAAAAAAAAAAAAAAAAAAXgAAAAAAAAAAAAAAAAAAAF4AAAAAAAAAAAAAAAAAAAAASB1Md6xfFgCgZESFrF8WAPirPJOsXxYAUPM0oaxfFgCoOi2vrF8WAACCJb2sXxYAWMkdy6xfFgCwEBbZrF8WAAhYDuesXxYAYJ8G9axfFgC45v4CrV8WABAu9xCtXxYAaHXvHq1fFgDAvOcsrV8WABgE4DqtXxYAcEvYSK1fFgDIktBWrV8WACDayGStXxYAeCHBcq1fFgDQaLmArV8WACiwsY6tXxYAgPepnK1fFgDYPqKqrV8WADCGmritXxYAiM2Sxq1fFgDgFIvUrV8WADhcg+KtXxYAkKN78K1fFgDo6nP+rV8WAEAybAyuXxYAmHlkGq5fFgDwwFworl8WAEgIVTauXxYAoE9NRK5fFgD4lkVSrl8WAFDePWCuXxYAqCU2bq5fFgAAbS58rl8WAFi0JoquXxYAsPsemK5fFgAIQxemrl8WAGCKD7SuXxYAuNEHwq5fFgAQGQDQrl8WAGhg+N2uXxYAwKfw665fFgAY7+j5rl8WAHA24QevXxYAyH3ZFa9fFgAgxdEjr18WAHgMyjGvXxYA0FPCP69fFgAom7pNr18WAIDisluvXxYA2Cmraa9fFgAwcaN3r18WAIi4m4WvXxYA4P+Tk69fFgA4R4yhr18WAJCOhK+vXxYA6NV8va9fFgBAHXXLr18WAJhkbdmvXxYA8Ktl569fFgBI8131r18WAKA6VgOwXxYA+IFOEbBfFgBQyUYfsF8WAKgQPy2wXxYAAFg3O7BfFgBYny9JsF8WALDmJ1ewXxYACC4gZbBfFgBgdRhzsF8WALi8EIGwXxYAEAQJj7BfFgBoSwGdsF8WAMCS+aqwXxYAGNrxuLBfFgBwIerGsF8WAMho4tSwXxYAILDa4rBfFgB499LwsF8WANA+y/6wXxYAKIbDDLFfFgCAzbsasV8WANgUtCixXxYAMFysNrFfFgCIo6REsV8WAODqnFKxXxYAODKVYLFfFgCQeY1usV8WAOjAhXyxXxYAQAh+irFfFnXlZr/WJDxAUE/dFrtBPECdfoMuVYk8QAL0vYLgZzxAYftfvu85PECRJp7vPkk8QK6KjPaSdzxAH4bvqxJlPEA7MPV2+lk8QK0Z+eEDdTxASswdTmlZPECE75fxPpU8QFHer7jc0jxAL6aJaN6pPEAsWOkYXpE8QFeyqO65kDxAB1UKTR3EPECQKOIoVxA9QLQ9YQhh7zxAqQICXPH2PEArKFaacpI8QIO9gNNfijxAreowiWfHPEDaC8BUROA8QNXVrDLF3zxAYbF5J7PlPEDDNXM03508QFbGXufdrTxAcb+2/wEDPUCBa6q1ZoQ9QKUATnnv1D1A0g0Q+BDQPUC3SHE5Kpo9QB4ueKMelj1ALSo2SxKJPUA1ht0dXYc9QMOnpdJAoz1AFzRhUrGRPUCsaCV1GEA9QHDUuyG9Rz1AdRSCsYduPUCbAYh8JXM9QPsGx/IfOz1ALCWa9us4PUCepjwXGQ49QBI1wC5TDj1A+THY2HCbO0AeTE9+AHk7QHmN0zkyfjtAm1dsEx+AO0BskXQNr2Q7QIIz0p1ggTtAVW76rfWUO0DsVCQjdyo7QLvDc+BZCTtAsKZk+03yOkB6+ei2d4g6QHqtp9tANjpALa3M7NQUOkBiHvCnrys6QMyW+ZoZhzpA5TXTWqiPOkAsQ1sJ8EU6QK6dKRr+JDpAMPTVDIdUOkDHWyFGA3k6QPq4iscjQjpAEhxR4gBBOkCsSNpAGz06QOSf8dgSFjpA8EiuI4IcOkBJAzWiTxs6QKY93wd+OTpAcCB6VGsFOkBAyKTkmnw5QI6cOMcd1jhAPFDbd+CpOEBwEJ0nFRg5QNlxgLcaXDlAXeIV5IN2OUAZnoz8FHg5QA+Yh/uqnjlABspdTLzEOUD8EW+62Oo5QE0RamKSOjpACVRROymaOkDZDCupfJc6QFwmnh5HkDpABd6bZrN5OkDU3ym6GzQ6QMu+OPp9MzpANpyOVfE1OkDuLtz+6Xw6QH09VkLxUjpAd1mUwSEHPED2t4HG1Ac8QOLirEEbQzxASECy4fc8PEDJRpRPeTI8QKHYM9nNNDxAplLmuf9dPEDXuDn+HzQ8QCc3SXYSNjxArCXS3I5VPED70hX5Qkg8QO3FQrDASjxA+1Ey7vOMPEBBjhdhN4w8QE/ZodnxiDxAYdEDzu6IPEB4rv+qgYw8QLHCyemwtDxAh9NEORqvPEANBlmRWoE8QOXNFx4jbzxAzUFHiSNuPEDAdoKZtKQ8QLpZxc+Y1DxA06ScDALVPECz7oI0Wpk8QD9XDbCmlTxASefPXPqVPEDv3lKJa8M8QLcdrKvCSD1AkYFH/y7HPUAR+lE/HnY9QL7HFJDBbT1As5Wq8v5uPUDf8BNDfXQ9QMDfg6WzdD1APL5CRSRYPUCi/hDFxUs9QONB4nqiLz1ARB8VDjtCPUD4O1EBbkI9QI0BhvzELT1AdmlhWzYgPUBnGFmExQo9QE25B58rAT1A/oVtYgamO0AKjTJ14nU7QDr/9+T+cjtADhiA83dzO0B7bdRdOVg7QMi8W8yeTTtAuLzfJkZRO0ClxDuHxBc7QLGkTndq8jpAe/tHwd7uOkCvq7v4ymg6QBs3/ok2LTpAr2RxioUZOkDfXQNOFgk6QFbzRiNTCzpA7WCBLnBPOkAoM0RDKjM6QCJvaMM+FzpAyeDyh4EXOkBOO3m63BY6QBc6/VS5PzpAc2V733IoOkBTxyEn0yg6QFamQ/rMFDpA8P+E/kv9OUBErCNlNf85QCVWvfrl/DlAAq8+aGXzOUDP8QLzU505QGXeMkRt1DhA+Ah7mq19OECwpD01yHk4QOivzgK24jhAvSjmN1FOOUDMERXq8GU5QI69bqwFZjlA6M9K9EN5OUAnxelmG7w5QKqOT7uozjlAOwN5yQcCOkA/W+Dflog6QKZztmrchjpAGDaP7fZ2OkBXdVSHPxs6QAkTPxe19DlAsSAWHdD8OUAFVgvmWfY5QIfY/4I0ajpARAzkweYlOkDWhrBkkEQ8QEY3gi0XljxAxYTn272ZPEBXIKcVNJo8QMmJKolWSDxAI+HImhGOPEAY0W5Sp448QN3lWff2jjxAgOKI2CCDPEBa7oAfy4Q8QLo5vSgHrzxAwis4TrrkPEDvRpUikOU8QJKRVr/avzxATMYDMIiWPEBWY1tSsdQ8QPlMm7zSKj1ALYwGn00rPUD3SEn+cSw9QOv4WJKpKj1AK0j8UiG1PEDtOj/Dtcw8QMVfoyNZ6jxAXJq8zJDsPEAH1wUrlfk8QNzCO7P/AD1AlWqq/Ya2PEApzCbfOdA8QO25I/sqpz1A933En2jePUAZEFjUzd49QIuXfVJQ3j1AHhAk1c6+PUDAkljpWMI9QFRKqYsRnD1AmLV3lFnZPUBaDd5k6OM9QGnI2oIL5j1Aa2KjF/ZUPUDbGEKdfVw9QAOl2iutkT1AQPDpgGGQPUDwpUAncVQ9QPyRE+vlVD1AENR6twQwPUCVk8YaBTY9QBZu7lHxtztAOSC3dU6AO0DgPyhhhok7QEDyzqvkiTtA+HCxFMeEO0AzTmA6Irg7QFBrj2A/ujtAhu1EBDppO0Dz+9WBZxo7QM5Dk9HbGDtAusRj/XHLOkDAN3aknU46QAuPaVBGRDpAPUxscSiPOkDfZMqTZ7s6QC/w2qr3uTpAIv5ftCVlOkC2pD1RXnw6QNyxj/oMkzpAy9IJDKqVOkARg1L/uFo6QExb6dkcWjpAU7o+rzRKOkB1W5V8ES46QNHHWab3NzpADO2bEj49OkCgXY94HlA6QH3J2EoeTzpAJ4o+uc/FOUDIVMIrZEA5QJpO7zF/GjlA4ILQXuhTOUDvCP+uuYU5QGY01i1wiDlAhR8DlK22OUAikaOkxsg5QPmqEyFW3TlAclIMwspxOkC/TUlMX5E6QIp5l1mYrDpAgy5LMWmpOkD6rcKv36I6QKUANeeEfzpAmPEsQZ59OkAOZEgi3WY6QBG94WgxhDpA+o6D++CEOkDdAwv/Q4E6QB53cFOJYppAW3pvZZ99mkCzRpvbv8CaQMIUknpioZpAq/t5wlB2mkAoRKQAq4SaQAPCI8cZsJpAvY0wgcGemkA33YXPWpSaQBKI2aOzrZpAhe87udKTmkCMcH4C68uaQGzgJO2uBZtAzAsBgkDfmkCpwlo3SMiaQDInvk+ux5pAt685eNv3mkAHBlS2UT+bQNkp2/dqIJtAfuJBRoInm0CoxbBwS8maQKuxSNa5wZpAAtydEPH6mkAcC3QPQBKbQHgIgt/IEZtASxYC9VcXm0BnAixBAdSaQPHZ6AgA45pAelO739Eym0DJxE9KIKybQJsguYGg95tA9QyP6A/zm0AsNNqVh8CbQDyrQLm8vJtAiseCJoGwm0DSrf9L566bQEdNe8UMyZtA1iA7PZa4m0AhEtPtFmybQCkXoE9Bc5tALvNpNp+Xm0CBgb8k85ubQIuWmvNtZ5tA2YIwN11lm0A03MiFNz2bQMEx1PttPZtA2a5Ky7nhmUBcV2p2cMGZQKFUNhZPxplAIZI1Ih3ImUBVSJ0cZK6ZQEoQ9ZNKyZlAcMcaU6bbmUCdD/Kwz3eZQH+HbELEWJlARVyuGylDmUDiaXo78N+YQKIy7c3ckphAWuL/nYdzmEB8HHGt9IiYQF/9SQGo3phAhwIm1a3mmED5jsUIkaGYQNMDhziugphA7ZQInD6vmEALRr8Rc9GYQGoNEosBnphAUQos1PCcmEAhpMyMSZmYQOaFYquxdJhAYWRzAbp6mEAUsxGomnmYQMxJYSfmlZhA55Xg8f78l0Cb6MfK3n6XQMUSxeq7SJdAOJtdcEIfl0BpPyPVk4aXQLtqCAxZxpdAN4TUpRvfl0A31MOsk+CXQI4ez0vABJhAZu2Xh3AomEDcIMguK0yYQDhwQzzplphAyD6cp4bwmEALXJjeBO6YQPZDtKxC55hAJSAyMBjSmEDXQYf+2ZCYQN4ylRpGkJhAc7I1QJKSmED/a+5eG9WYQKXZMC7CrZhAAAAAAAAATkAAAAAAAABOQAAAAAAAAE5AAAAAAAAATkAAAAAAAABOQAAAAAAAAE5AAAAAAAAATkAAAAAAAABOQAAAAAAAAE5AAAAAAAAATkAAAAAAAABOQAAAAAAAAE5AAAAAAAAATkAAAAAAAABOQAAAAAAAAE5AAAAAAAAATkAAAAAAAABOQAAAAAAAAE5AAAAAAAAATkAAAAAAAABOQAAAAAAAAE5AAAAAAAAATkAAAAAAAABOQAAAAAAAAE5AAAAAAAAATkAAAAAAAABOQAAAAAAAAE5AAAAAAAAATkAAAAAAAABOQAAAAAAAAE5AAAAAAAAATkAAAAAAAABOQAAAAAAAAE5AAAAAAAAATkAAAAAAAABOQAAAAAAAAE5AAAAAAAAATkAAAAAAAABOQAAAAAAAAE5AAAAAAAAATkAAAAAAAABOQAAAAAAAAE5AAAAAAAAATkAAAAAAAABOQAAAAAAAAE5AAAAAAAAATkAAAAAAAABOQAAAAAAAAE5AAAAAAAAATkAAAAAAAABOQAAAAAAAAE5AAAAAAAAATkAAAAAAAABOQAAAAAAAAE5AAAAAAAAATkAAAAAAAABOQAAAAAAAAE5AAAAAAAAATkAAAAAAAABOQAAAAAAAAE5AAAAAAAAATkAAAAAAAABOQAAAAAAAAE5AAAAAAAAATkAAAAAAAABOQAAAAAAAAE5AAAAAAAAATkAAAAAAAABOQAAAAAAAAE5AAAAAAAAATkAAAAAAAABOQAAAAAAAAE5AAAAAAAAATkAAAAAAAIBNQAAAAAAAgE1AAAAAAAAATkAAAAAAAABOQAAAAAAAAE5AAAAAAAAATkAAAAAAAABOQAAAAAAAAE5AAAAAAAAATkAAAAAAAABOQAAAAAAAAE5AAAAAAAAATkAAAAAAAABOQAAAAAAAAE5AAAAAAAAATkAAAAAAAABOQAAAAAAAAE5AAAAAAAAATkAAAAAAAABOQAAAAAAAAE5AAAAAAAAATkCJ7ASO60KxP2GZECotxMM/gB+M5dQRqj8lVwAvkva6PwJAW09oApQ/iB0F7MhDsD8ab2yj5wmuP4cdToKgDLg/x3B1dOhdtj8TNMVPmlujPwUxk07gZq0/1NHzrV6rxj/UNK34kn+sP7lNemCNA7A/8RBVbu50iz++DLp9UZCjP8OZGYbUsME/162N6kp0tD/uYGetGCXEP2jWJLkCR8I/udiMlm0Ztz8PpTT/fDKyPyl4O1KvM7Q/J+GJdUminD9Ct/t2VU6fP3fAT8t8D7I/aNok9Xcelj/84joQDBmvP7zGWN/MS8g/r3uHsxD7wj9Ai3XvjS2XP9xSZfvWEK8/ouJ+fsS/tz9CXQTwodu3P+z4ViNJTas/vG0AlSsJrz+AVUPTXN7DP7h9TggmsMY/SOzYorwupz8mZugLa4WRP6V3wRbYi7c/yaAJcX6HtT+zeCIkcnWuP2up+FeTOrA/wSE7IKMPoz+FvIoGGSDRPy7EgmhMxbA/HVW6QxHEjz+254d77xSbP/TpKEO6JJ4/FOpv6XBWqT/OiPP5JXO9P+HWHa2Zp70/f4T8cBMWwj/6Aq4ggNCnPwS3Qe8gqrw/vL1fkDS1xD948WtundSuP6FgObFE9qQ/eODzyO/yuD98VTxKdQW/P4b+ult59Lo/3Wbq/YRdsD9mzZKjLw+rP6eRDDXHAMI/RPnWzKXKsj+pV8DtQFGuP5RWvoySCq4/0LxNQcumoj+wwkbg5nStPx1w6SxrH7E/Kgj5yMDNsT8HHAGy2mKwPwHloxP0fMQ/KiVr0uevxT+kDpeHQKXMP7k2fM8eQ8I//djmtgyxwD/FYUWC38uiP1eJgesh8qU/VOV4hLbuqj8HTXjZh4e0PwZFssB8W5o/LRKkjivHuj+RFxraK7jDPz8wDPs+jqU/ffdsytCwpT/JQMVa1ceqP4tsGk/FV6k/lvk8J2eDxD9fNEs2se+8PxV9JGNTB8M/Ixyg07qxlD/6lAMXgai5PxAAAAAMABQAEgAMAAgABAAMAAAAEAAAACwAAAA8AAAAAAADAAEAAACAAwAAAAAAALABAAAAAAAAkBQAAAAAAAAAAAAAAAAAAAAAAAAAAAoADAAAAAgABAAKAAAACAAAAJgAAAADAAAAcAAAACgAAAAEAAAAIP3//wgAAAAMAAAAAAAAAAAAAAAFAAAAcmVmSWQAAABA/f//CAAAADAAAAAnAAAARGVtbyBUdXJiaW5lIEFzc2V0IDEgQXZlcmFnZSBXaW5kIFNwZWVkAAQAAABuYW1lAAAAAIT9//8IAAAADAAAAAIAAAB7fQAABAAAAG1ldGEAAAAABwAAADgCAADMAQAAdAEAABwBAADEAAAAZAAAAAQAAAD2/f//FAAAADwAAAA8AAAAAAAAAzwAAAABAAAABAAAAOT9//8IAAAAEAAAAAYAAABzdGRkZXYAAAQAAABuYW1lAAAAAAAAAADa/f//AAACAAYAAABzdGRkZXYAAFL+//8UAAAAPAAAADwAAAAAAAADPAAAAAEAAAAEAAAAQP7//wgAAAAQAAAABQAAAGNvdW50AAAABAAAAG5hbWUAAAAAAAAAADb+//8AAAIABQAAAGNvdW50AAAArv7//xQAAAA4AAAAOAAAAAAAAAM4AAAAAQAAAAQAAACc/v//CAAAAAwAAAADAAAAc3VtAAQAAABuYW1lAAAAAAAAAACO/v//AAACAAMAAABzdW0AAv///xQAAAA4AAAAOAAAAAAAAAM4AAAAAQAAAAQAAADw/v//CAAAAAwAAAADAAAAbWF4AAQAAABuYW1lAAAAAAAAAADi/v//AAACAAMAAABtYXgAVv///xQAAAA4AAAAOAAAAAAAAAM4AAAAAQAAAAQAAABE////CAAAAAwAAAADAAAAbWluAAQAAABuYW1lAAAAAAAAAAA2////AAACAAMAAABtaW4Aqv///xQAAAA4AAAAOAAAAAAAAAM4AAAAAQAAAAQAAACY////CAAAAAwAAAADAAAAYXZnAAQAAABuYW1lAAAAAAAAAACK////AAACAAMAAABhdmcAAAASABgAFAAAABMADAAAAAgABAASAAAAFAAAAEQAAABMAAAAAAAACkwAAAABAAAADAAAAAgADAAIAAQACAAAAAgAAAAQAAAABAAAAHRpbWUAAAAABAAAAG5hbWUAAAAAAAAAAAAABgAIAAYABgAAAAAAAwAEAAAAdGltZQAAAACgAwAAQVJST1cx
