ðŸŒŸ This was machine generated.  Do not edit. ðŸŒŸ

Frame[0] {}

export interface YourFrameView {
  time: number; // time.Time
  avg: number; // float64
  min: number; // float64
  max: number; // float64
  sum: number; // float64
  count: number; // float64
  stddev: number; // float64
}



Name: Demo Turbine Asset 1 Wind Speed
Dimensions: 7 Fields by 58 Rows
+-------------------------------+--------------------+--------------------+--------------------+--------------------+-----------------+----------------------+
| Name: time                    | Name: avg          | Name: min          | Name: max          | Name: sum          | Name: count     | Name: stddev         |
| Labels:                       | Labels:            | Labels:            | Labels:            | Labels:            | Labels:         | Labels:              |
| Type: []time.Time             | Type: []float64    | Type: []float64    | Type: []float64    | Type: []float64    | Type: []float64 | Type: []float64      |
+-------------------------------+--------------------+--------------------+--------------------+--------------------+-----------------+----------------------+
| 2020-10-23 17:03:00 +0000 UTC | 33.66048662735337  | 33.119203866849375 | 33.94548342140149  | 2019.6291976412022 | 60              | 0.20357832514253085  |
| 2020-10-23 17:04:00 +0000 UTC | 33.19809932312455  | 33.09205931932671  | 33.272655343651174 | 1991.8859593874731 | 60              | 0.048660754596755174 |
| 2020-10-23 17:05:00 +0000 UTC | 33.05675037246861  | 32.73449329865176  | 33.11430425326713  | 1950.348271975648  | 59              | 0.051957629034006414 |
| 2020-10-23 17:06:00 +0000 UTC | 32.352502505398675 | 31.559949039275665 | 32.97251226373514  | 1941.1501503239203 | 60              | 0.42106294359960383  |
| 2020-10-23 17:07:00 +0000 UTC | 31.104925069568846 | 30.543604802821097 | 31.635897199079473 | 1866.2955041741309 | 60              | 0.31969944792951716  |
| 2020-10-23 17:08:00 +0000 UTC | 30.694766174198026 | 30.547424915496745 | 31.256229937192046 | 1841.6859704518815 | 60              | 0.1190518366381484   |
| 2020-10-23 17:09:00 +0000 UTC | 31.137138857015998 | 30.80656331502094  | 31.504723329598278 | 1868.2283314209599 | 60              | 0.20288537752464908  |
| 2020-10-23 17:10:00 +0000 UTC | 31.49444098812534  | 30.993700484931498 | 31.523583198734872 | 1889.6664592875204 | 60              | 0.06788427321412317  |
| 2020-10-23 17:11:00 +0000 UTC | 31.22828678387508  | 30.909275358075746 | 31.51406377864383  | 1842.4689202486297 | 59              | 0.1823202251079153   |
| ...                           | ...                | ...                | ...                | ...                | ...             | ...                  |
+-------------------------------+--------------------+--------------------+--------------------+--------------------+-----------------+----------------------+


====== TEST DATA RESPONSE (arrow base64) ======
FRAME=QVJST1cxAAD/////aAMAABAAAAAAAAoADgAMAAsABAAKAAAAFAAAAAAAAAEDAAoADAAAAAgABAAKAAAACAAAAJAAAAADAAAAaAAAACgAAAAEAAAAKP3//wgAAAAMAAAAAAAAAAAAAAAFAAAAcmVmSWQAAABI/f//CAAAACgAAAAfAAAARGVtbyBUdXJiaW5lIEFzc2V0IDEgV2luZCBTcGVlZAAEAAAAbmFtZQAAAACE/f//CAAAAAwAAAACAAAAe30AAAQAAABtZXRhAAAAAAcAAAA4AgAAzAEAAHQBAAAcAQAAxAAAAGQAAAAEAAAA9v3//xQAAAA8AAAAPAAAAAAAAAM8AAAAAQAAAAQAAADk/f//CAAAABAAAAAGAAAAc3RkZGV2AAAEAAAAbmFtZQAAAAAAAAAA2v3//wAAAgAGAAAAc3RkZGV2AABS/v//FAAAADwAAAA8AAAAAAAAAzwAAAABAAAABAAAAED+//8IAAAAEAAAAAUAAABjb3VudAAAAAQAAABuYW1lAAAAAAAAAAA2/v//AAACAAUAAABjb3VudAAAAK7+//8UAAAAOAAAADgAAAAAAAADOAAAAAEAAAAEAAAAnP7//wgAAAAMAAAAAwAAAHN1bQAEAAAAbmFtZQAAAAAAAAAAjv7//wAAAgADAAAAc3VtAAL///8UAAAAOAAAADgAAAAAAAADOAAAAAEAAAAEAAAA8P7//wgAAAAMAAAAAwAAAG1heAAEAAAAbmFtZQAAAAAAAAAA4v7//wAAAgADAAAAbWF4AFb///8UAAAAOAAAADgAAAAAAAADOAAAAAEAAAAEAAAARP///wgAAAAMAAAAAwAAAG1pbgAEAAAAbmFtZQAAAAAAAAAANv///wAAAgADAAAAbWluAKr///8UAAAAOAAAADgAAAAAAAADOAAAAAEAAAAEAAAAmP///wgAAAAMAAAAAwAAAGF2ZwAEAAAAbmFtZQAAAAAAAAAAiv///wAAAgADAAAAYXZnAAAAEgAYABQAAAATAAwAAAAIAAQAEgAAABQAAABEAAAATAAAAAAAAApMAAAAAQAAAAwAAAAIAAwACAAEAAgAAAAIAAAAEAAAAAQAAAB0aW1lAAAAAAQAAABuYW1lAAAAAAAAAAAAAAYACAAGAAYAAAAAAAMABAAAAHRpbWUAAAAA/////6gBAAAUAAAAAAAAAAwAFgAUABMADAAEAAwAAACwDAAAAAAAABQAAAAAAAADAwAKABgADAAIAAQACgAAABQAAAD4AAAAOgAAAAAAAAAAAAAADgAAAAAAAAAAAAAAAAAAAAAAAAAAAAAAAAAAANABAAAAAAAA0AEAAAAAAAAAAAAAAAAAANABAAAAAAAA0AEAAAAAAACgAwAAAAAAAAAAAAAAAAAAoAMAAAAAAADQAQAAAAAAAHAFAAAAAAAAAAAAAAAAAABwBQAAAAAAANABAAAAAAAAQAcAAAAAAAAAAAAAAAAAAEAHAAAAAAAA0AEAAAAAAAAQCQAAAAAAAAAAAAAAAAAAEAkAAAAAAADQAQAAAAAAAOAKAAAAAAAAAAAAAAAAAADgCgAAAAAAANABAAAAAAAAAAAAAAcAAAA6AAAAAAAAAAAAAAAAAAAAOgAAAAAAAAAAAAAAAAAAADoAAAAAAAAAAAAAAAAAAAA6AAAAAAAAAAAAAAAAAAAAOgAAAAAAAAAAAAAAAAAAADoAAAAAAAAAAAAAAAAAAAA6AAAAAAAAAAAAAAAAAAAAAKj64dCtQBYAAELa3q1AFgBYidLsrUAWALDQyvqtQBYACBjDCK5AFgBgX7sWrkAWALimsySuQBYAEO6rMq5AFgBoNaRArkAWAMB8nE6uQBYAGMSUXK5AFgBwC41qrkAWAMhShXiuQBYAIJp9hq5AFgB44XWUrkAWANAobqKuQBYAKHBmsK5AFgCAt16+rkAWANj+VsyuQBYAMEZP2q5AFgCIjUforkAWAODUP/auQBYAOBw4BK9AFgCQYzASr0AWAOiqKCCvQBYAQPIgLq9AFgCYORk8r0AWAPCAEUqvQBYASMgJWK9AFgCgDwJmr0AWAPhW+nOvQBYAUJ7yga9AFgCo5eqPr0AWAAAt452vQBYAWHTbq69AFgCwu9O5r0AWAAgDzMevQBYAYErE1a9AFgC4kbzjr0AWABDZtPGvQBYAaCCt/69AFgDAZ6UNsEAWABivnRuwQBYAcPaVKbBAFgDIPY43sEAWACCFhkWwQBYAeMx+U7BAFgDQE3dhsEAWAChbb2+wQBYAgKJnfbBAFgDY6V+LsEAWADAxWJmwQBYAiHhQp7BAFgDgv0i1sEAWADgHQcOwQBYAkE450bBAFgDolTHfsEAWAEDdKe2wQBbL9mfTitRAQAAXkVFbmUBA7uSgmEOHQEACOVbNHi1AQCdUjl7cGj9ALYwsMtyxPkAA5TmIGyM/QN7MQa+Tfj9APdquAHE6P0AexX/KifU+QM7pPGeirT5AZfhisGwRPkDStTCRuqQ9QCwrVI3jVj1A8tidk/t6PUB2wJAvxy09QEzs5VNTezxAUR9nWnqLPEBzgvMphxI8QPZhyWjrATxAyp2ESndfO0Dk/f2Y8qI6QCx4ZdoUHzpAhRLmY2SoOUBtV64uLCU6QO5i2MvVizpA4DIP1Nz/OkD276G03eg6QCL66dGvsDpAlfgbrIAKOkDR9GHH2Pc5QDoHEEB0wjpA9UIa7gEgOkDWIbs0Q+g5QNupswQpJjpAIUL9aq7DOUDEFBxsRMw5QHSacSd5ozpA3KFnhm0XO0ArYROXB/A6QHZtKbWztTpApW70FapgOkCZo2JU3H06QNllQgejtzpANLljTsEbO0ALhFbLrF46QG2gwkjtfDpANDJ2CshwOkBikRSQfiE7QFjuhlWThTtAB3qkeSDXO0A8jy7whWs8QKZ7ZqusQDxAVeNVKZonO0D04uH5tE47QCmv9fxjGzxABIWG8lCVPECrSBu7Xro8QGDWghJCj0BAbuaKmciLQECVa1zgA15AQJgd+9FYjz9ArRAyrymLPkD3Eg0KJIw+QBUr9O56zj5A1cysJ2P+PkB4/hVFxug+QFtMwwdt3z5AblBOh1MiPkC+8ItMlLI9QL9uTdhgJz1Azg++MrMPPUBrPGf7lxA9QGKgf1iRdTxA4HrtDH1qPEBvsK5FGeQ7QMj1wyLBlTtAEU5B7PmXO0CxaQCtPpU6QHUk0QuV9jlAicnq3cObOUCI7DW7j5k5QMcGjNXltzlAFulB26GDOkAfKrWcHoY6QCg3otAvcTpASOZU5OsBOUDSe1clqgw5QA9+XwnKCDlAU3P6AHGjOkChtSf0Qp45QNK+yAdwnjlA2e3/I0qvOUDC7xx5h2s5QA49QKiuazlAo7PpS4wnOkCDfMSw2/U6QN0ZBTCHuTpAInp1mOZqOkAxbOS6GT86QKbhOG/kQDpA5hxPYI2sOkAS1HkJEJo6QB+54oiN8DlA1MqyNST0OUCpzEzC3+w5QOMgSVpN9DpANng124JPO0B7oFN5WcI7QFUc8WJB7TtALdqWFeJAO0DJaE4v07o6QAbsskzHuTpAjaJo5If1O0Dt8b8FfEI8QOLoj76yqTxAMOrKmQX5QEDdB8xe5qJAQLvJkoWhjkBAxtknSHt8QEASqqkoyqI/QPh+AEmYQT9AICdSjDWBP0AlTWuMCYY/QFxVDa+Zgz9AMCrciwMDP0BQWGjbFgA/QAKIkDaCVz5AEpJB1KmyPUDgt0DoqJU9QNjl9JA46D1ABGAz4YfiPUA3KpBo35k8QG/SfsHnpTxAVCWv3hSfPEDrc3Fs9mk8QEw1/GzZazxAW8W87ny4OkD8IwK2Kbc6QD8unJViGTpAdFPjpSeMOkCNylKKbGc7QPL9d26JfTtAOC5+d897O0BkzwDVvPI6QMPj6iIi7zpA5H+feHrDOkBPyMgoqM46QJhbiDeGyTpAWkgy/4UqOkDn74Ymsyo6QCHZoSwxKTpA3xq9yO78OkCY+oxqPyU7QH9KNYISJztAL7FxMUgFO0CVq6xRm946QGivPQVNiDpAAvf02DC8OkCWepf4qI07QBRqJWOklDtAZC1Y+yXtOkAbZbDei/E6QAfopnA4EztANDDP3TVuO0COCMr6l8M7QMCK/uhwoDxAxDJ3/OLrPECtiSOq2Ok8QJJRR/DU6ztAmQtVw3VAPEAMvtmtGmo8QA+PsOG/Aj1A7Ulv4fHHPEC87mJMhI6fQCAL8DiLH59AFqZooWR5nkDjqgHBmVSeQOVupZguKZ1AasMJb77GnECwRrbP6TCdQBCwTXSqhp1AMDGhLODJnEDMyNctMQadQIonLLcRSJxA38hc5VUwnEB1qh3obsqbQHnoflR1gZtAY/tj2kujm0BvtJe86lqbQIeNpx6es5pAXK3AtMLCmkBCfKyaFOGZQE+mmQTF0ZlA7VPc1X+pmUAGHm5vw/iYQKkgv4wjfZhAXbGnHd4NmED2ccNr2YKYQDN76xfpeJhAsj/OBt9PmUA3SYVirM6YQIBay9SkBZlAKcmpnq4BmECE1es6W1iYQMYGD/xMFplAxp44zwF+mEC5b28Bv0mYQD1vaHTGg5hA9nihymTAl0B4U1olgC+YQM2A+pRB+ZhAvicBrvZlmUAYK6IdB0GZQJ/W1nlYCplAuyeVdJ+6mEBfeRyP/tWYQHs/ztYoDJlAvO5DNJb9mEDKG6H+wbiYQGZ2NnQe1ZhAEc/OibvJmEBMSBOnZm+ZQLlj2NIjX5lAZzIKcq4ZmkBIpiuRzaSaQP15Ai6fC5pAIIXAhiB1mUDFxEOqyZmZQDZUJr2tWZpAoAKUn6ZZmkAglGnPuO6aQAAAAAAAAE5AAAAAAAAATkAAAAAAAIBNQAAAAAAAAE5AAAAAAAAATkAAAAAAAABOQAAAAAAAAE5AAAAAAAAATkAAAAAAAIBNQAAAAAAAAE5AAAAAAACATUAAAAAAAABOQAAAAAAAAE5AAAAAAAAATkAAAAAAAABOQAAAAAAAAE5AAAAAAAAATkAAAAAAAABOQAAAAAAAgE1AAAAAAACATUAAAAAAAABOQAAAAAAAAE5AAAAAAAAATkAAAAAAAABOQAAAAAAAAE5AAAAAAACATUAAAAAAAABOQAAAAAAAgE1AAAAAAAAATkAAAAAAAIBNQAAAAAAAAE5AAAAAAAAATkAAAAAAAABOQAAAAAAAAE5AAAAAAAAATkAAAAAAAIBNQAAAAAAAAE5AAAAAAAAATkAAAAAAAABOQAAAAAAAAE5AAAAAAAAATkAAAAAAAABOQAAAAAAAAE5AAAAAAAAATkAAAAAAAIBNQAAAAAAAAE5AAAAAAAAATkAAAAAAAABOQAAAAAAAAE5AAAAAAACATUAAAAAAAABOQAAAAAAAAE5AAAAAAACATUAAAAAAAABOQAAAAAAAAE5AAAAAAAAATkAAAAAAAIBNQAAAAAAAAE5AHbBUxNoOyj84+S77D+qoP7gf9bowmqo/sFYU/bHy2j+bBFqs9HXUP6W742Auer4/oAmn5iX4yT8hDV4d3WCxPwJyHuZEVsc/GFCMgZDvoD/ehwVjo0nKPyAY+aRtS8Y/0hBG8VX7sz+/vBrjFQfEPzaiI1R+zNA/C2ZQyhLH2T9rFVhbLVmlP9UvnRcPd7s/SgVV74B00j/tfKNJ0zfOP+LMj+TYhOE/0hzm5DGpvj+zvdRUxNTUPynnhWlQY7M/Lf7JCGJpzj8ByhKoJPa8P0mhR9c2sdE/jauQBOr/0D+bjXEkcQDRP7y74JNOcuI/WKSij58v4D/KNq/+VUChP4hw1MthP9Y/3DjqSNxDwj+x4cVZKIWwP+AUZhFmr8w/bb0JWnvi0T9BaLzIAq/SP9W7yZOZzqQ/4JD5eF2erT+e67/PYba5P5B6SeVeWrQ/c4rUYv8cwj+vxb0ZrTy8P1Yx/ZndY9I/aYWkrzCM0T9LTKwPTrvSP/gRnxGIwNM/YTpq7mDxuz+DIUy4ye2/P3ep7qwAjME/OceZxDMN0T8AzVmcyazYP1NL5gssZ9I/dT5PXLRX2T8wDLvHCT+4Pz4BKx+Mas0/1nghRBSSoD8QAAAADAAUABIADAAIAAQADAAAABAAAAAsAAAAPAAAAAAAAwABAAAAeAMAAAAAAACwAQAAAAAAALAMAAAAAAAAAAAAAAAAAAAAAAAAAAAKAAwAAAAIAAQACgAAAAgAAACQAAAAAwAAAGgAAAAoAAAABAAAACj9//8IAAAADAAAAAAAAAAAAAAABQAAAHJlZklkAAAASP3//wgAAAAoAAAAHwAAAERlbW8gVHVyYmluZSBBc3NldCAxIFdpbmQgU3BlZWQABAAAAG5hbWUAAAAAhP3//wgAAAAMAAAAAgAAAHt9AAAEAAAAbWV0YQAAAAAHAAAAOAIAAMwBAAB0AQAAHAEAAMQAAABkAAAABAAAAPb9//8UAAAAPAAAADwAAAAAAAADPAAAAAEAAAAEAAAA5P3//wgAAAAQAAAABgAAAHN0ZGRldgAABAAAAG5hbWUAAAAAAAAAANr9//8AAAIABgAAAHN0ZGRldgAAUv7//xQAAAA8AAAAPAAAAAAAAAM8AAAAAQAAAAQAAABA/v//CAAAABAAAAAFAAAAY291bnQAAAAEAAAAbmFtZQAAAAAAAAAANv7//wAAAgAFAAAAY291bnQAAACu/v//FAAAADgAAAA4AAAAAAAAAzgAAAABAAAABAAAAJz+//8IAAAADAAAAAMAAABzdW0ABAAAAG5hbWUAAAAAAAAAAI7+//8AAAIAAwAAAHN1bQAC////FAAAADgAAAA4AAAAAAAAAzgAAAABAAAABAAAAPD+//8IAAAADAAAAAMAAABtYXgABAAAAG5hbWUAAAAAAAAAAOL+//8AAAIAAwAAAG1heABW////FAAAADgAAAA4AAAAAAAAAzgAAAABAAAABAAAAET///8IAAAADAAAAAMAAABtaW4ABAAAAG5hbWUAAAAAAAAAADb///8AAAIAAwAAAG1pbgCq////FAAAADgAAAA4AAAAAAAAAzgAAAABAAAABAAAAJj///8IAAAADAAAAAMAAABhdmcABAAAAG5hbWUAAAAAAAAAAIr///8AAAIAAwAAAGF2ZwAAABIAGAAUAAAAEwAMAAAACAAEABIAAAAUAAAARAAAAEwAAAAAAAAKTAAAAAEAAAAMAAAACAAMAAgABAAIAAAACAAAABAAAAAEAAAAdGltZQAAAAAEAAAAbmFtZQAAAAAAAAAAAAAGAAgABgAGAAAAAAADAAQAAAB0aW1lAAAAAJgDAABBUlJPVzE=
