ðŸŒŸ This was machine generated.  Do not edit. ðŸŒŸ

Frame[0] {}
Name: Demo Turbine Asset 1
Dimensions: 3 Fields by 35 Rows
+-------------------------------+----------------+----------------+
| Name: time                    | Name: Is Windy | Name: quality  |
| Labels:                       | Labels:        | Labels:        |
| Type: []time.Time             | Type: []bool   | Type: []string |
+-------------------------------+----------------+----------------+
| 2021-02-01 08:30:00 -0800 PST | true           | GOOD           |
| 2021-02-01 08:35:00 -0800 PST | true           | GOOD           |
| 2021-02-01 08:40:00 -0800 PST | false          | GOOD           |
| 2021-02-01 08:45:00 -0800 PST | false          | GOOD           |
| 2021-02-01 08:50:00 -0800 PST | true           | GOOD           |
| 2021-02-01 08:55:00 -0800 PST | true           | GOOD           |
| 2021-02-01 09:00:00 -0800 PST | false          | GOOD           |
| 2021-02-01 09:05:00 -0800 PST | false          | GOOD           |
| 2021-02-01 09:10:00 -0800 PST | true           | GOOD           |
| ...                           | ...            | ...            |
+-------------------------------+----------------+----------------+


====== TEST DATA RESPONSE (arrow base64) ======
FRAME=QVJST1cxAAD/////MAIAABAAAAAAAAoADgAMAAsABAAKAAAAFAAAAAAAAAEDAAoADAAAAAgABAAKAAAACAAAAIgAAAADAAAAYAAAACgAAAAEAAAAYP7//wgAAAAMAAAAAAAAAAAAAAAFAAAAcmVmSWQAAACA/v//CAAAACAAAAAUAAAARGVtbyBUdXJiaW5lIEFzc2V0IDEAAAAABAAAAG5hbWUAAAAAtP7//wgAAAAMAAAAAgAAAHt9AAAEAAAAbWV0YQAAAAADAAAACAEAAGAAAAAEAAAAFv///xQAAAA8AAAAPAAAAAAAAAU4AAAAAQAAAAQAAAAE////CAAAABAAAAAHAAAAcXVhbGl0eQAEAAAAbmFtZQAAAAAAAAAAdP///wcAAABxdWFsaXR5AG7///8UAAAAcAAAAHQAAAAAAAAGcAAAAAIAAAAwAAAABAAAAGD///8IAAAAFAAAAAgAAABJcyBXaW5keQAAAAAEAAAAbmFtZQAAAACI////CAAAABgAAAAPAAAAeyJ1bml0Ijoibm9uZSJ9AAYAAABjb25maWcAAAAAAAAEAAQABAAAAAgAAABJcyBXaW5keQAAEgAYABQAAAATAAwAAAAIAAQAEgAAABQAAABEAAAATAAAAAAAAApMAAAAAQAAAAwAAAAIAAwACAAEAAgAAAAIAAAAEAAAAAQAAAB0aW1lAAAAAAQAAABuYW1lAAAAAAAAAAAAAAYACAAGAAYAAAAAAAMABAAAAHRpbWUAAAAA//////gAAAAUAAAAAAAAAAwAFgAUABMADAAEAAwAAABAAgAAAAAAABQAAAAAAAADAwAKABgADAAIAAQACgAAABQAAACIAAAAIwAAAAAAAAAAAAAABwAAAAAAAAAAAAAAAAAAAAAAAAAAAAAAAAAAABgBAAAAAAAAGAEAAAAAAAAAAAAAAAAAABgBAAAAAAAACAAAAAAAAAAgAQAAAAAAAAAAAAAAAAAAIAEAAAAAAACQAAAAAAAAALABAAAAAAAAkAAAAAAAAAAAAAAAAwAAACMAAAAAAAAAAAAAAAAAAAAjAAAAAAAAAAAAAAAAAAAAIwAAAAAAAAAAAAAAAAAAAABQ8zShrF8WAAhYDuesXxYAwLznLK1fFgB4IcFyrV8WADCGmritXxYA6Opz/q1fFgCgT01Erl8WAFi0JoquXxYAEBkA0K5fFgDIfdkVr18WAIDisluvXxYAOEeMoa9fFgDwq2Xnr18WAKgQPy2wXxYAYHUYc7BfFgAY2vG4sF8WANA+y/6wXxYAiKOkRLFfFgBACH6KsV8WAPhsV9CxXxYAsNEwFrJfFgBoNgpcsl8WACCb46GyXxYA2P+857JfFgCQZJYts18WAEjJb3OzXxYAAC5JubNfFgC4kiL/s18WAHD3+0S0XxYAKFzVirRfFgDgwK7QtF8WAJgliBa1XxYAUIphXLVfFgAI7zqitV8WAMBTFOi1XxYzMzMzAwAAAAAAAAAEAAAACAAAAAwAAAAQAAAAFAAAABgAAAAcAAAAIAAAACQAAAAoAAAALAAAADAAAAA0AAAAOAAAADwAAABAAAAARAAAAEgAAABMAAAAUAAAAFQAAABYAAAAXAAAAGAAAABkAAAAaAAAAGwAAABwAAAAdAAAAHgAAAB8AAAAgAAAAIQAAACIAAAAjAAAAEdPT0RHT09ER09PREdPT0RHT09ER09PREdPT0RHT09ER09PREdPT0RHT09ER09PREdPT0RHT09ER09PREdPT0RHT09ER09PREdPT0RHT09ER09PREdPT0RHT09ER09PREdPT0RHT09ER09PREdPT0RHT09ER09PREdPT0RHT09ER09PREdPT0RHT09EAAAAABAAAAAMABQAEgAMAAgABAAMAAAAEAAAACwAAAA8AAAAAAADAAEAAABAAgAAAAAAAAABAAAAAAAAQAIAAAAAAAAAAAAAAAAAAAAAAAAAAAoADAAAAAgABAAKAAAACAAAAIgAAAADAAAAYAAAACgAAAAEAAAAYP7//wgAAAAMAAAAAAAAAAAAAAAFAAAAcmVmSWQAAACA/v//CAAAACAAAAAUAAAARGVtbyBUdXJiaW5lIEFzc2V0IDEAAAAABAAAAG5hbWUAAAAAtP7//wgAAAAMAAAAAgAAAHt9AAAEAAAAbWV0YQAAAAADAAAACAEAAGAAAAAEAAAAFv///xQAAAA8AAAAPAAAAAAAAAU4AAAAAQAAAAQAAAAE////CAAAABAAAAAHAAAAcXVhbGl0eQAEAAAAbmFtZQAAAAAAAAAAdP///wcAAABxdWFsaXR5AG7///8UAAAAcAAAAHQAAAAAAAAGcAAAAAIAAAAwAAAABAAAAGD///8IAAAAFAAAAAgAAABJcyBXaW5keQAAAAAEAAAAbmFtZQAAAACI////CAAAABgAAAAPAAAAeyJ1bml0Ijoibm9uZSJ9AAYAAABjb25maWcAAAAAAAAEAAQABAAAAAgAAABJcyBXaW5keQAAEgAYABQAAAATAAwAAAAIAAQAEgAAABQAAABEAAAATAAAAAAAAApMAAAAAQAAAAwAAAAIAAwACAAEAAgAAAAIAAAAEAAAAAQAAAB0aW1lAAAAAAQAAABuYW1lAAAAAAAAAAAAAAYACAAGAAYAAAAAAAMABAAAAHRpbWUAAAAAYAIAAEFSUk9XMQ==
